Component: ARM Compiler 5.06 update 6 (build 750) Tool: armlink [4d35ed]

==============================================================================

Section Cross References

    startup_stm32f030xc.o(RESET) refers to startup_stm32f030xc.o(STACK) for __initial_sp
    startup_stm32f030xc.o(RESET) refers to startup_stm32f030xc.o(.text) for Reset_Handler
    startup_stm32f030xc.o(RESET) refers to stm32f0xx_it.o(i.NMI_Handler) for NMI_Handler
    startup_stm32f030xc.o(RESET) refers to stm32f0xx_it.o(i.HardFault_Handler) for HardFault_Handler
    startup_stm32f030xc.o(RESET) refers to stm32f0xx_it.o(i.SVC_Handler) for SVC_Handler
    startup_stm32f030xc.o(RESET) refers to stm32f0xx_it.o(i.PendSV_Handler) for PendSV_Handler
    startup_stm32f030xc.o(RESET) refers to stm32f0xx_it.o(i.SysTick_Handler) for SysTick_Handler
    startup_stm32f030xc.o(.text) refers to system_stm32f0xx.o(i.SystemInit) for SystemInit
    startup_stm32f030xc.o(.text) refers to entry.o(.ARM.Collect$$$$00000000) for __main
    command.o(i.COMMAND_DOWNLOAD) refers to memseta.o(.text) for __aeabi_memclr4
    command.o(i.COMMAND_DOWNLOAD) refers to ff.o(i.f_stat) for f_stat
    command.o(i.COMMAND_DOWNLOAD) refers to flash_if.o(i.FLASH_If_Erase) for FLASH_If_Erase
    command.o(i.COMMAND_DOWNLOAD) refers to command.o(i.COMMAND_ProgramFlashMemory) for COMMAND_ProgramFlashMemory
    command.o(i.COMMAND_DOWNLOAD) refers to command.o(.constdata) for .constdata
    command.o(i.COMMAND_ProgramFlashMemory) refers to ff.o(i.f_read) for f_read
    command.o(i.COMMAND_ProgramFlashMemory) refers to flash_if.o(i.FLASH_If_Write) for FLASH_If_Write
    command.o(i.COMMAND_ProgramFlashMemory) refers to command.o(.data) for .data
    command.o(i.COMMAND_ProgramFlashMemory) refers to command.o(.bss) for .bss
    command.o(i.card_unlink) refers to ff.o(i.f_close) for f_close
    command.o(i.card_unlink) refers to ff_gen_drv.o(i.FATFS_UnLinkDriver) for FATFS_UnLinkDriver
    command.o(i.card_unlink) refers to command.o(.bss) for .bss
    command.o(i.card_unlink) refers to command.o(.data) for .data
    command.o(i.is_update_available) refers to ff.o(i.f_mount) for f_mount
    command.o(i.is_update_available) refers to ff.o(i.f_open) for f_open
    command.o(i.is_update_available) refers to command.o(.bss) for .bss
    command.o(i.is_update_available) refers to command.o(.constdata) for .constdata
    fatfs_sd.o(i.SD_PowerOn) refers to fatfs_sd.o(i.SPI_TxByte) for SPI_TxByte
    fatfs_sd.o(i.SD_PowerOn) refers to fatfs_sd.o(i.SELECT) for SELECT
    fatfs_sd.o(i.SD_PowerOn) refers to fatfs_sd.o(i.SPI_RxByte) for SPI_RxByte
    fatfs_sd.o(i.SD_PowerOn) refers to fatfs_sd.o(.data) for .data
    fatfs_sd.o(i.SD_ReadyWait) refers to fatfs_sd.o(i.SPI_RxByte) for SPI_RxByte
    fatfs_sd.o(i.SD_ReadyWait) refers to stm32f0xx_it.o(.data) for Timer2
    fatfs_sd.o(i.SD_RxDataBlock) refers to fatfs_sd.o(i.SPI_RxByte) for SPI_RxByte
    fatfs_sd.o(i.SD_RxDataBlock) refers to stm32f0xx_it.o(.data) for Timer1
    fatfs_sd.o(i.SD_SendCmd) refers to fatfs_sd.o(i.SD_ReadyWait) for SD_ReadyWait
    fatfs_sd.o(i.SD_SendCmd) refers to fatfs_sd.o(i.SPI_TxByte) for SPI_TxByte
    fatfs_sd.o(i.SD_SendCmd) refers to fatfs_sd.o(i.SPI_RxByte) for SPI_RxByte
    fatfs_sd.o(i.SD_TxDataBlock) refers to fatfs_sd.o(i.SD_ReadyWait) for SD_ReadyWait
    fatfs_sd.o(i.SD_TxDataBlock) refers to fatfs_sd.o(i.SPI_TxByte) for SPI_TxByte
    fatfs_sd.o(i.SD_TxDataBlock) refers to fatfs_sd.o(i.SPI_RxByte) for SPI_RxByte
    fatfs_sd.o(i.SD_disk_initialize) refers to fatfs_sd.o(i.SD_PowerOn) for SD_PowerOn
    fatfs_sd.o(i.SD_disk_initialize) refers to fatfs_sd.o(i.SELECT) for SELECT
    fatfs_sd.o(i.SD_disk_initialize) refers to fatfs_sd.o(i.SD_SendCmd) for SD_SendCmd
    fatfs_sd.o(i.SD_disk_initialize) refers to fatfs_sd.o(i.SPI_RxByte) for SPI_RxByte
    fatfs_sd.o(i.SD_disk_initialize) refers to fatfs_sd.o(.data) for .data
    fatfs_sd.o(i.SD_disk_initialize) refers to stm32f0xx_it.o(.data) for Timer1
    fatfs_sd.o(i.SD_disk_ioctl) refers to fatfs_sd.o(i.SD_PowerOn) for SD_PowerOn
    fatfs_sd.o(i.SD_disk_ioctl) refers to fatfs_sd.o(i.SELECT) for SELECT
    fatfs_sd.o(i.SD_disk_ioctl) refers to fatfs_sd.o(i.SD_SendCmd) for SD_SendCmd
    fatfs_sd.o(i.SD_disk_ioctl) refers to fatfs_sd.o(i.SD_RxDataBlock) for SD_RxDataBlock
    fatfs_sd.o(i.SD_disk_ioctl) refers to fatfs_sd.o(i.SD_ReadyWait) for SD_ReadyWait
    fatfs_sd.o(i.SD_disk_ioctl) refers to fatfs_sd.o(i.SPI_RxByte) for SPI_RxByte
    fatfs_sd.o(i.SD_disk_ioctl) refers to fatfs_sd.o(.data) for .data
    fatfs_sd.o(i.SD_disk_read) refers to fatfs_sd.o(i.SELECT) for SELECT
    fatfs_sd.o(i.SD_disk_read) refers to fatfs_sd.o(i.SD_SendCmd) for SD_SendCmd
    fatfs_sd.o(i.SD_disk_read) refers to fatfs_sd.o(i.SD_RxDataBlock) for SD_RxDataBlock
    fatfs_sd.o(i.SD_disk_read) refers to fatfs_sd.o(i.SPI_RxByte) for SPI_RxByte
    fatfs_sd.o(i.SD_disk_read) refers to fatfs_sd.o(.data) for .data
[...]
    Removing stm32f0xx_hal_spi.o(i.HAL_SPI_TxRxCpltCallback), (2 bytes).
    Removing stm32f0xx_hal_spi.o(i.HAL_SPI_TxRxHalfCpltCallback), (2 bytes).
    Removing stm32f0xx_hal_spi.o(i.SPI_2linesRxISR_16BIT), (54 bytes).
    Removing stm32f0xx_hal_spi.o(i.SPI_2linesRxISR_8BIT), (94 bytes).
    Removing stm32f0xx_hal_spi.o(i.SPI_2linesTxISR_16BIT), (52 bytes).
    Removing stm32f0xx_hal_spi.o(i.SPI_2linesTxISR_8BIT), (72 bytes).
    Removing stm32f0xx_hal_spi.o(i.SPI_AbortRx_ISR), (132 bytes).
    Removing stm32f0xx_hal_spi.o(i.SPI_AbortTx_ISR), (128 bytes).
    Removing stm32f0xx_hal_spi.o(i.SPI_CloseRxTx_ISR), (82 bytes).
    Removing stm32f0xx_hal_spi.o(i.SPI_CloseRx_ISR), (66 bytes).
    Removing stm32f0xx_hal_spi.o(i.SPI_CloseTx_ISR), (80 bytes).
    Removing stm32f0xx_hal_spi.o(i.SPI_DMAAbortOnError), (18 bytes).
    Removing stm32f0xx_hal_spi.o(i.SPI_DMAError), (34 bytes).
    Removing stm32f0xx_hal_spi.o(i.SPI_DMAHalfReceiveCplt), (10 bytes).
    Removing stm32f0xx_hal_spi.o(i.SPI_DMAHalfTransmitCplt), (10 bytes).
    Removing stm32f0xx_hal_spi.o(i.SPI_DMAHalfTransmitReceiveCplt), (10 bytes).
    Removing stm32f0xx_hal_spi.o(i.SPI_DMAReceiveCplt), (88 bytes).
    Removing stm32f0xx_hal_spi.o(i.SPI_DMARxAbortCallback), (134 bytes).
    Removing stm32f0xx_hal_spi.o(i.SPI_DMATransmitCplt), (104 bytes).
    Removing stm32f0xx_hal_spi.o(i.SPI_DMATransmitReceiveCplt), (94 bytes).
    Removing stm32f0xx_hal_spi.o(i.SPI_DMATxAbortCallback), (128 bytes).
    Removing stm32f0xx_hal_spi.o(i.SPI_EndRxTransaction), (120 bytes).
    Removing stm32f0xx_hal_spi.o(i.SPI_RxISR_16BIT), (38 bytes).
    Removing stm32f0xx_hal_spi.o(i.SPI_RxISR_8BIT), (36 bytes).
    Removing stm32f0xx_hal_spi.o(i.SPI_TxISR_16BIT), (34 bytes).
    Removing stm32f0xx_hal_spi.o(i.SPI_TxISR_8BIT), (32 bytes).
    Removing stm32f0xx_hal_spi_ex.o(.rev16_text), (4 bytes).
    Removing stm32f0xx_hal_spi_ex.o(.revsh_text), (4 bytes).
    Removing stm32f0xx_hal_spi_ex.o(i.HAL_SPIEx_FlushRxFifo), (36 bytes).
    Removing stm32f0xx_hal_tim.o(.rev16_text), (4 bytes).
    Removing stm32f0xx_hal_tim.o(.revsh_text), (4 bytes).
    Removing stm32f0xx_hal_tim_ex.o(.rev16_text), (4 bytes).
    Removing stm32f0xx_hal_tim_ex.o(.revsh_text), (4 bytes).
    Removing stm32f0xx_hal_rcc.o(.rev16_text), (4 bytes).
    Removing stm32f0xx_hal_rcc.o(.revsh_text), (4 bytes).
    Removing stm32f0xx_hal_rcc.o(i.HAL_RCC_CSSCallback), (2 bytes).
    Removing stm32f0xx_hal_rcc.o(i.HAL_RCC_DeInit), (76 bytes).
    Removing stm32f0xx_hal_rcc.o(i.HAL_RCC_DisableCSS), (20 bytes).
    Removing stm32f0xx_hal_rcc.o(i.HAL_RCC_EnableCSS), (20 bytes).
    Removing stm32f0xx_hal_rcc.o(i.HAL_RCC_GetClockConfig), (56 bytes).
    Removing stm32f0xx_hal_rcc.o(i.HAL_RCC_GetOscConfig), (156 bytes).
    Removing stm32f0xx_hal_rcc.o(i.HAL_RCC_GetPCLK1Freq), (32 bytes).
    Removing stm32f0xx_hal_rcc.o(i.HAL_RCC_MCOConfig), (80 bytes).
    Removing stm32f0xx_hal_rcc.o(i.HAL_RCC_NMI_IRQHandler), (24 bytes).
    Removing stm32f0xx_hal_rcc_ex.o(.rev16_text), (4 bytes).
    Removing stm32f0xx_hal_rcc_ex.o(.revsh_text), (4 bytes).
    Removing stm32f0xx_hal_rcc_ex.o(i.HAL_RCCEx_GetPeriphCLKConfig), (44 bytes).
    Removing stm32f0xx_hal_rcc_ex.o(i.HAL_RCCEx_GetPeriphCLKFreq), (156 bytes).
    Removing stm32f0xx_hal_rcc_ex.o(i.HAL_RCCEx_PeriphCLKConfig), (232 bytes).
    Removing stm32f0xx_hal.o(.rev16_text), (4 bytes).
    Removing stm32f0xx_hal.o(.revsh_text), (4 bytes).
    Removing stm32f0xx_hal.o(i.HAL_DBGMCU_DisableDBGStandbyMode), (16 bytes).
    Removing stm32f0xx_hal.o(i.HAL_DBGMCU_DisableDBGStopMode), (16 bytes).
    Removing stm32f0xx_hal.o(i.HAL_DBGMCU_EnableDBGStandbyMode), (16 bytes).
    Removing stm32f0xx_hal.o(i.HAL_DBGMCU_EnableDBGStopMode), (16 bytes).
    Removing stm32f0xx_hal.o(i.HAL_DeInit), (36 bytes).
    Removing stm32f0xx_hal.o(i.HAL_GetDEVID), (16 bytes).
    Removing stm32f0xx_hal.o(i.HAL_GetHalVersion), (8 bytes).
    Removing stm32f0xx_hal.o(i.HAL_GetREVID), (12 bytes).
    Removing stm32f0xx_hal.o(i.HAL_GetUIDw0), (12 bytes).
    Removing stm32f0xx_hal.o(i.HAL_GetUIDw1), (12 bytes).
    Removing stm32f0xx_hal.o(i.HAL_GetUIDw2), (12 bytes).
    Removing stm32f0xx_hal.o(i.HAL_MspDeInit), (2 bytes).
    Removing stm32f0xx_hal.o(i.HAL_MspInit), (2 bytes).
    Removing stm32f0xx_hal.o(i.HAL_ResumeTick), (16 bytes).
    Removing stm32f0xx_hal.o(i.HAL_SuspendTick), (16 bytes).
    Removing stm32f0xx_hal_i2c.o(.rev16_text), (4 bytes).
    Removing stm32f0xx_hal_i2c.o(.revsh_text), (4 bytes).
    Removing stm32f0xx_hal_i2c.o(i.HAL_I2C_AbortCpltCallback), (2 bytes).
    Removing stm32f0xx_hal_i2c.o(i.HAL_I2C_AddrCallback), (2 bytes).
    Removing stm32f0xx_hal_i2c.o(i.HAL_I2C_DeInit), (52 bytes).
    Removing stm32f0xx_hal_i2c.o(i.HAL_I2C_DisableListen_IT), (48 bytes).
    Removing stm32f0xx_hal_i2c.o(i.HAL_I2C_ER_IRQHandler), (88 bytes).
    Removing stm32f0xx_hal_i2c.o(i.HAL_I2C_EV_IRQHandler), (16 bytes).
    Removing stm32f0xx_hal_i2c.o(i.HAL_I2C_EnableListen_IT), (40 bytes).
    Removing stm32f0xx_hal_i2c.o(i.HAL_I2C_ErrorCallback), (2 bytes).
    Removing stm32f0xx_hal_i2c.o(i.HAL_I2C_GetError), (4 bytes).
    Removing stm32f0xx_hal_i2c.o(i.HAL_I2C_GetMode), (6 bytes).
    Removing stm32f0xx_hal_i2c.o(i.HAL_I2C_GetState), (6 bytes).
    Removing stm32f0xx_hal_i2c.o(i.HAL_I2C_Init), (180 bytes).
    Removing stm32f0xx_hal_i2c.o(i.HAL_I2C_IsDeviceReady), (284 bytes).
    Removing stm32f0xx_hal_i2c.o(i.HAL_I2C_ListenCpltCallback), (2 bytes).
    Removing stm32f0xx_hal_i2c.o(i.HAL_I2C_MasterRxCpltCallback), (2 bytes).
    Removing stm32f0xx_hal_i2c.o(i.HAL_I2C_MasterTxCpltCallback), (2 bytes).
    Removing stm32f0xx_hal_i2c.o(i.HAL_I2C_Master_Abort_IT), (88 bytes).
    Removing stm32f0xx_hal_i2c.o(i.HAL_I2C_Master_Receive), (280 bytes).
    Removing stm32f0xx_hal_i2c.o(i.HAL_I2C_Master_Receive_DMA), (236 bytes).
    Removing stm32f0xx_hal_i2c.o(i.HAL_I2C_Master_Receive_IT), (124 bytes).
    Removing stm32f0xx_hal_i2c.o(i.HAL_I2C_Master_Sequential_Receive_IT), (116 bytes).
    Removing stm32f0xx_hal_i2c.o(i.HAL_I2C_Master_Sequential_Transmit_IT), (116 bytes).
    Removing stm32f0xx_hal_i2c.o(i.HAL_I2C_Master_Transmit), (280 bytes).
    Removing stm32f0xx_hal_i2c.o(i.HAL_I2C_Master_Transmit_DMA), (240 bytes).
    Removing stm32f0xx_hal_i2c.o(i.HAL_I2C_Master_Transmit_IT), (124 bytes).
    Removing stm32f0xx_hal_i2c.o(i.HAL_I2C_MemRxCpltCallback), (2 bytes).
    Removing stm32f0xx_hal_i2c.o(i.HAL_I2C_MemTxCpltCallback), (2 bytes).
    Removing stm32f0xx_hal_i2c.o(i.HAL_I2C_Mem_Read), (344 bytes).
    Removing stm32f0xx_hal_i2c.o(i.HAL_I2C_Mem_Read_DMA), (248 bytes).
    Removing stm32f0xx_hal_i2c.o(i.HAL_I2C_Mem_Read_IT), (188 bytes).
    Removing stm32f0xx_hal_i2c.o(i.HAL_I2C_Mem_Write), (340 bytes).
    Removing stm32f0xx_hal_i2c.o(i.HAL_I2C_Mem_Write_DMA), (244 bytes).
    Removing stm32f0xx_hal_i2c.o(i.HAL_I2C_Mem_Write_IT), (184 bytes).
    Removing stm32f0xx_hal_i2c.o(i.HAL_I2C_MspDeInit), (2 bytes).
    Removing stm32f0xx_hal_i2c.o(i.HAL_I2C_MspInit), (2 bytes).
    Removing stm32f0xx_hal_i2c.o(i.HAL_I2C_SlaveRxCpltCallback), (2 bytes).
    Removing stm32f0xx_hal_i2c.o(i.HAL_I2C_SlaveTxCpltCallback), (2 bytes).
    Removing stm32f0xx_hal_i2c.o(i.HAL_I2C_Slave_Receive), (292 bytes).
    Removing stm32f0xx_hal_i2c.o(i.HAL_I2C_Slave_Receive_DMA), (156 bytes).
    Removing stm32f0xx_hal_i2c.o(i.HAL_I2C_Slave_Receive_IT), (88 bytes).
    Removing stm32f0xx_hal_i2c.o(i.HAL_I2C_Slave_Sequential_Receive_IT), (144 bytes).
    Removing stm32f0xx_hal_i2c.o(i.HAL_I2C_Slave_Sequential_Transmit_IT), (144 bytes).
    Removing stm32f0xx_hal_i2c.o(i.HAL_I2C_Slave_Transmit), (300 bytes).
    Removing stm32f0xx_hal_i2c.o(i.HAL_I2C_Slave_Transmit_DMA), (156 bytes).
    Removing stm32f0xx_hal_i2c.o(i.HAL_I2C_Slave_Transmit_IT), (88 bytes).
    Removing stm32f0xx_hal_i2c.o(i.I2C_DMAAbort), (52 bytes).
    Removing stm32f0xx_hal_i2c.o(i.I2C_DMAError), (24 bytes).
    Removing stm32f0xx_hal_i2c.o(i.I2C_DMAMasterReceiveCplt), (68 bytes).
    Removing stm32f0xx_hal_i2c.o(i.I2C_DMAMasterTransmitCplt), (68 bytes).
    Removing stm32f0xx_hal_i2c.o(i.I2C_DMASlaveReceiveCplt), (2 bytes).
    Removing stm32f0xx_hal_i2c.o(i.I2C_DMASlaveTransmitCplt), (2 bytes).
    Removing stm32f0xx_hal_i2c.o(i.I2C_Disable_IRQ), (86 bytes).
    Removing stm32f0xx_hal_i2c.o(i.I2C_Enable_IRQ), (100 bytes).
    Removing stm32f0xx_hal_i2c.o(i.I2C_Flush_TXDR), (34 bytes).
    Removing stm32f0xx_hal_i2c.o(i.I2C_ITAddrCplt), (122 bytes).
    Removing stm32f0xx_hal_i2c.o(i.I2C_ITError), (204 bytes).
    Removing stm32f0xx_hal_i2c.o(i.I2C_ITListenCplt), (96 bytes).
    Removing stm32f0xx_hal_i2c.o(i.I2C_ITMasterCplt), (160 bytes).
    Removing stm32f0xx_hal_i2c.o(i.I2C_ITMasterSequentialCplt), (70 bytes).
    Removing stm32f0xx_hal_i2c.o(i.I2C_ITSlaveCplt), (232 bytes).
    Removing stm32f0xx_hal_i2c.o(i.I2C_ITSlaveSequentialCplt), (74 bytes).
    Removing stm32f0xx_hal_i2c.o(i.I2C_IsAcknowledgeFailed), (116 bytes).
    Removing stm32f0xx_hal_i2c.o(i.I2C_Master_ISR_DMA), (194 bytes).
    Removing stm32f0xx_hal_i2c.o(i.I2C_Master_ISR_IT), (296 bytes).
    Removing stm32f0xx_hal_i2c.o(i.I2C_RequestMemoryRead), (106 bytes).
    Removing stm32f0xx_hal_i2c.o(i.I2C_RequestMemoryWrite), (106 bytes).
    Removing stm32f0xx_hal_i2c.o(i.I2C_Slave_ISR_DMA), (104 bytes).
    Removing stm32f0xx_hal_i2c.o(i.I2C_Slave_ISR_IT), (280 bytes).
    Removing stm32f0xx_hal_i2c.o(i.I2C_TransferConfig), (36 bytes).
    Removing stm32f0xx_hal_i2c.o(i.I2C_WaitOnFlagUntilTimeout), (72 bytes).
    Removing stm32f0xx_hal_i2c.o(i.I2C_WaitOnRXNEFlagUntilTimeout), (120 bytes).
    Removing stm32f0xx_hal_i2c.o(i.I2C_WaitOnSTOPFlagUntilTimeout), (78 bytes).
    Removing stm32f0xx_hal_i2c.o(i.I2C_WaitOnTXISFlagUntilTimeout), (82 bytes).
    Removing stm32f0xx_hal_i2c_ex.o(.rev16_text), (4 bytes).
    Removing stm32f0xx_hal_i2c_ex.o(.revsh_text), (4 bytes).
    Removing stm32f0xx_hal_i2c_ex.o(i.HAL_I2CEx_ConfigAnalogFilter), (74 bytes).
    Removing stm32f0xx_hal_i2c_ex.o(i.HAL_I2CEx_ConfigDigitalFilter), (72 bytes).
    Removing stm32f0xx_hal_i2c_ex.o(i.HAL_I2CEx_DisableFastModePlus), (36 bytes).
    Removing stm32f0xx_hal_i2c_ex.o(i.HAL_I2CEx_EnableFastModePlus), (36 bytes).
    Removing stm32f0xx_hal_gpio.o(.rev16_text), (4 bytes).
    Removing stm32f0xx_hal_gpio.o(.revsh_text), (4 bytes).
    Removing stm32f0xx_hal_gpio.o(i.HAL_GPIO_DeInit), (212 bytes).
    Removing stm32f0xx_hal_gpio.o(i.HAL_GPIO_EXTI_Callback), (2 bytes).
    Removing stm32f0xx_hal_gpio.o(i.HAL_GPIO_EXTI_IRQHandler), (24 bytes).
    Removing stm32f0xx_hal_gpio.o(i.HAL_GPIO_LockPin), (36 bytes).
    Removing stm32f0xx_hal_gpio.o(i.HAL_GPIO_ReadPin), (10 bytes).
    Removing stm32f0xx_hal_gpio.o(i.HAL_GPIO_TogglePin), (8 bytes).
    Removing stm32f0xx_hal_dma.o(.rev16_text), (4 bytes).
    Removing stm32f0xx_hal_dma.o(.revsh_text), (4 bytes).
    Removing stm32f0xx_hal_dma.o(i.DMA_CalcBaseAndBitshift), (36 bytes).
    Removing stm32f0xx_hal_dma.o(i.DMA_SetConfig), (40 bytes).
    Removing stm32f0xx_hal_dma.o(i.HAL_DMA_Abort), (44 bytes).
    Removing stm32f0xx_hal_dma.o(i.HAL_DMA_Abort_IT), (72 bytes).
    Removing stm32f0xx_hal_dma.o(i.HAL_DMA_DeInit), (66 bytes).
    Removing stm32f0xx_hal_dma.o(i.HAL_DMA_GetError), (4 bytes).
    Removing stm32f0xx_hal_dma.o(i.HAL_DMA_GetState), (6 bytes).
    Removing stm32f0xx_hal_dma.o(i.HAL_DMA_IRQHandler), (156 bytes).
    Removing stm32f0xx_hal_dma.o(i.HAL_DMA_Init), (88 bytes).
    Removing stm32f0xx_hal_dma.o(i.HAL_DMA_PollForTransfer), (176 bytes).
    Removing stm32f0xx_hal_dma.o(i.HAL_DMA_RegisterCallback), (72 bytes).
    Removing stm32f0xx_hal_dma.o(i.HAL_DMA_Start), (74 bytes).
    Removing stm32f0xx_hal_dma.o(i.HAL_DMA_Start_IT), (106 bytes).
    Removing stm32f0xx_hal_dma.o(i.HAL_DMA_UnRegisterCallback), (78 bytes).
    Removing stm32f0xx_hal_cortex.o(.rev16_text), (4 bytes).
    Removing stm32f0xx_hal_cortex.o(.revsh_text), (4 bytes).
    Removing stm32f0xx_hal_cortex.o(i.HAL_NVIC_ClearPendingIRQ), (20 bytes).
    Removing stm32f0xx_hal_cortex.o(i.HAL_NVIC_DisableIRQ), (20 bytes).
    Removing stm32f0xx_hal_cortex.o(i.HAL_NVIC_EnableIRQ), (20 bytes).
    Removing stm32f0xx_hal_cortex.o(i.HAL_NVIC_GetPendingIRQ), (28 bytes).
    Removing stm32f0xx_hal_cortex.o(i.HAL_NVIC_GetPriority), (52 bytes).
    Removing stm32f0xx_hal_cortex.o(i.HAL_NVIC_SetPendingIRQ), (20 bytes).
    Removing stm32f0xx_hal_cortex.o(i.HAL_NVIC_SystemReset), (28 bytes).
    Removing stm32f0xx_hal_cortex.o(i.HAL_SYSTICK_CLKSourceConfig), (24 bytes).
    Removing stm32f0xx_hal_cortex.o(i.HAL_SYSTICK_Callback), (2 bytes).
    Removing stm32f0xx_hal_cortex.o(i.HAL_SYSTICK_IRQHandler), (8 bytes).
    Removing stm32f0xx_hal_pwr.o(.rev16_text), (4 bytes).
    Removing stm32f0xx_hal_pwr.o(.revsh_text), (4 bytes).
    Removing stm32f0xx_hal_pwr.o(i.HAL_PWR_DeInit), (24 bytes).
    Removing stm32f0xx_hal_pwr.o(i.HAL_PWR_DisableBkUpAccess), (16 bytes).
    Removing stm32f0xx_hal_pwr.o(i.HAL_PWR_DisableSEVOnPend), (16 bytes).
    Removing stm32f0xx_hal_pwr.o(i.HAL_PWR_DisableSleepOnExit), (16 bytes).
    Removing stm32f0xx_hal_pwr.o(i.HAL_PWR_DisableWakeUpPin), (16 bytes).
    Removing stm32f0xx_hal_pwr.o(i.HAL_PWR_EnableBkUpAccess), (16 bytes).
    Removing stm32f0xx_hal_pwr.o(i.HAL_PWR_EnableSEVOnPend), (16 bytes).
    Removing stm32f0xx_hal_pwr.o(i.HAL_PWR_EnableSleepOnExit), (16 bytes).
    Removing stm32f0xx_hal_pwr.o(i.HAL_PWR_EnableWakeUpPin), (16 bytes).
    Removing stm32f0xx_hal_pwr.o(i.HAL_PWR_EnterSLEEPMode), (32 bytes).
    Removing stm32f0xx_hal_pwr.o(i.HAL_PWR_EnterSTANDBYMode), (32 bytes).
    Removing stm32f0xx_hal_pwr.o(i.HAL_PWR_EnterSTOPMode), (52 bytes).
    Removing stm32f0xx_hal_pwr_ex.o(.rev16_text), (4 bytes).
    Removing stm32f0xx_hal_pwr_ex.o(.revsh_text), (4 bytes).
    Removing stm32f0xx_hal_flash.o(.rev16_text), (4 bytes).
    Removing stm32f0xx_hal_flash.o(.revsh_text), (4 bytes).
    Removing stm32f0xx_hal_flash.o(i.HAL_FLASH_EndOfOperationCallback), (2 bytes).
    Removing stm32f0xx_hal_flash.o(i.HAL_FLASH_GetError), (12 bytes).
    Removing stm32f0xx_hal_flash.o(i.HAL_FLASH_IRQHandler), (268 bytes).
    Removing stm32f0xx_hal_flash.o(i.HAL_FLASH_OB_Launch), (32 bytes).
    Removing stm32f0xx_hal_flash.o(i.HAL_FLASH_OB_Lock), (20 bytes).
    Removing stm32f0xx_hal_flash.o(i.HAL_FLASH_OB_Unlock), (36 bytes).
    Removing stm32f0xx_hal_flash.o(i.HAL_FLASH_OperationErrorCallback), (2 bytes).
    Removing stm32f0xx_hal_flash.o(i.HAL_FLASH_Program_IT), (100 bytes).
    Removing stm32f0xx_hal_flash_ex.o(.rev16_text), (4 bytes).
    Removing stm32f0xx_hal_flash_ex.o(.revsh_text), (4 bytes).
    Removing stm32f0xx_hal_flash_ex.o(i.FLASH_OB_DisableWRP), (164 bytes).
    Removing stm32f0xx_hal_flash_ex.o(i.FLASH_OB_EnableWRP), (164 bytes).
    Removing stm32f0xx_hal_flash_ex.o(i.FLASH_OB_RDP_LevelConfig), (96 bytes).
    Removing stm32f0xx_hal_flash_ex.o(i.HAL_FLASHEx_Erase_IT), (88 bytes).
    Removing stm32f0xx_hal_flash_ex.o(i.HAL_FLASHEx_OBErase), (80 bytes).
    Removing stm32f0xx_hal_flash_ex.o(i.HAL_FLASHEx_OBGetUserData), (28 bytes).
    Removing stm32f0xx_hal_flash_ex.o(i.HAL_FLASHEx_OBProgram), (204 bytes).
    Removing system_stm32f0xx.o(.rev16_text), (4 bytes).
    Removing system_stm32f0xx.o(.revsh_text), (4 bytes).
    Removing system_stm32f0xx.o(i.SystemCoreClockUpdate), (88 bytes).
    Removing system_stm32f0xx.o(.constdata), (8 bytes).
    Removing diskio.o(.rev16_text), (4 bytes).
    Removing diskio.o(.revsh_text), (4 bytes).
    Removing diskio.o(i.get_fattime), (4 bytes).
    Removing ff.o(.rev16_text), (4 bytes).
    Removing ff.o(.revsh_text), (4 bytes).
    Removing ff.o(i.dir_read), (272 bytes).
    Removing ff.o(i.dir_remove), (104 bytes).
    Removing ff.o(i.f_chmod), (96 bytes).
    Removing ff.o(i.f_closedir), (40 bytes).
    Removing ff.o(i.f_getfree), (244 bytes).
    Removing ff.o(i.f_gets), (72 bytes).
    Removing ff.o(i.f_lseek), (610 bytes).
    Removing ff.o(i.f_mkdir), (376 bytes).
    Removing ff.o(i.f_mkfs), (1322 bytes).
    Removing ff.o(i.f_opendir), (156 bytes).
    Removing ff.o(i.f_printf), (488 bytes).
    Removing ff.o(i.f_putc), (62 bytes).
    Removing ff.o(i.f_puts), (72 bytes).
    Removing ff.o(i.f_readdir), (96 bytes).
    Removing ff.o(i.f_rename), (308 bytes).
    Removing ff.o(i.f_truncate), (200 bytes).
    Removing ff.o(i.f_unlink), (192 bytes).
    Removing ff.o(i.f_utime), (100 bytes).
    Removing ff.o(i.f_write), (440 bytes).
    Removing ff.o(i.putc_bfd), (70 bytes).
    Removing ff_gen_drv.o(.rev16_text), (4 bytes).
    Removing ff_gen_drv.o(.revsh_text), (4 bytes).
    Removing ff_gen_drv.o(i.FATFS_GetAttachedDriversNbr), (12 bytes).
    Removing syscall.o(.rev16_text), (4 bytes).
    Removing syscall.o(.revsh_text), (4 bytes).
    Removing ccsbcs.o(.rev16_text), (4 bytes).
    Removing ccsbcs.o(.revsh_text), (4 bytes).
    Removing stm32f0xx_hal_dma.o(i.__ARM_common_switch8), (26 bytes).

336 unused section(s) (total 25743 bytes) removed from the image.

==============================================================================

Image Symbol Table

    Local Symbols

    Symbol Name                              Value     Ov Type        Size  Object(Section)

    ../Core/Src/main.c                       0x00000000   Number         0  main.o ABSOLUTE
    ../Core/Src/stm32f0xx_hal_msp.c          0x00000000   Number         0  stm32f0xx_hal_msp.o ABSOLUTE
    ../Core/Src/stm32f0xx_it.c               0x00000000   Number         0  stm32f0xx_it.o ABSOLUTE
    ../Core/Src/system_stm32f0xx.c           0x00000000   Number         0  system_stm32f0xx.o ABSOLUTE
    ../Drivers/STM32F0xx_HAL_Driver/Src/stm32f0xx_hal.c 0x00000000   Number         0  stm32f0xx_hal.o ABSOLUTE
    ../Drivers/STM32F0xx_HAL_Driver/Src/stm32f0xx_hal_cortex.c 0x00000000   Number         0  stm32f0xx_hal_cortex.o ABSOLUTE
    ../Drivers/STM32F0xx_HAL_Driver/Src/stm32f0xx_hal_crc.c 0x00000000   Number         0  stm32f0xx_hal_crc.o ABSOLUTE
    ../Drivers/STM32F0xx_HAL_Driver/Src/stm32f0xx_hal_crc_ex.c 0x00000000   Number         0  stm32f0xx_hal_crc_ex.o ABSOLUTE
    ../Drivers/STM32F0xx_HAL_Driver/Src/stm32f0xx_hal_dma.c 0x00000000   Number         0  stm32f0xx_hal_dma.o ABSOLUTE
    ../Drivers/STM32F0xx_HAL_Driver/Src/stm32f0xx_hal_flash.c 0x00000000   Number         0  stm32f0xx_hal_flash.o ABSOLUTE
    ../Drivers/STM32F0xx_HAL_Driver/Src/stm32f0xx_hal_flash_ex.c 0x00000000   Number         0  stm32f0xx_hal_flash_ex.o ABSOLUTE
    ../Drivers/STM32F0xx_HAL_Driver/Src/stm32f0xx_hal_gpio.c 0x00000000   Number         0  stm32f0xx_hal_gpio.o ABSOLUTE
    ../Drivers/STM32F0xx_HAL_Driver/Src/stm32f0xx_hal_i2c.c 0x00000000   Number         0  stm32f0xx_hal_i2c.o ABSOLUTE
    ../Drivers/STM32F0xx_HAL_Driver/Src/stm32f0xx_hal_i2c_ex.c 0x00000000   Number         0  stm32f0xx_hal_i2c_ex.o ABSOLUTE
    ../Drivers/STM32F0xx_HAL_Driver/Src/stm32f0xx_hal_pwr.c 0x00000000   Number         0  stm32f0xx_hal_pwr.o ABSOLUTE
    ../Drivers/STM32F0xx_HAL_Driver/Src/stm32f0xx_hal_pwr_ex.c 0x00000000   Number         0  stm32f0xx_hal_pwr_ex.o ABSOLUTE
    ../Drivers/STM32F0xx_HAL_Driver/Src/stm32f0xx_hal_rcc.c 0x00000000   Number         0  stm32f0xx_hal_rcc.o ABSOLUTE
    ../Drivers/STM32F0xx_HAL_Driver/Src/stm32f0xx_hal_rcc_ex.c 0x00000000   Number         0  stm32f0xx_hal_rcc_ex.o ABSOLUTE
    ../Drivers/STM32F0xx_HAL_Driver/Src/stm32f0xx_hal_spi.c 0x00000000   Number         0  stm32f0xx_hal_spi.o ABSOLUTE
    ../Drivers/STM32F0xx_HAL_Driver/Src/stm32f0xx_hal_spi_ex.c 0x00000000   Number         0  stm32f0xx_hal_spi_ex.o ABSOLUTE
    ../Drivers/STM32F0xx_HAL_Driver/Src/stm32f0xx_hal_tim.c 0x00000000   Number         0  stm32f0xx_hal_tim.o ABSOLUTE
    ../Drivers/STM32F0xx_HAL_Driver/Src/stm32f0xx_hal_tim_ex.c 0x00000000   Number         0  stm32f0xx_hal_tim_ex.o ABSOLUTE
    ../FATFS/App/fatfs.c                     0x00000000   Number         0  fatfs.o ABSOLUTE
    ../FATFS/Target/user_diskio.c            0x00000000   Number         0  user_diskio.o ABSOLUTE
    ../Middlewares/Third_Party/FatFs/src/diskio.c 0x00000000   Number         0  diskio.o ABSOLUTE
    ../Middlewares/Third_Party/FatFs/src/ff.c 0x00000000   Number         0  ff.o ABSOLUTE
    ../Middlewares/Third_Party/FatFs/src/ff_gen_drv.c 0x00000000   Number         0  ff_gen_drv.o ABSOLUTE
    ../Middlewares/Third_Party/FatFs/src/option/ccsbcs.c 0x00000000   Number         0  ccsbcs.o ABSOLUTE
    ../Middlewares/Third_Party/FatFs/src/option/syscall.c 0x00000000   Number         0  syscall.o ABSOLUTE
    ../clib/microlib/division.c              0x00000000   Number         0  uidiv.o ABSOLUTE
    ../clib/microlib/init/entry.s            0x00000000   Number         0  entry9b.o ABSOLUTE
    ../clib/microlib/init/entry.s            0x00000000   Number         0  entry10b.o ABSOLUTE
    ../clib/microlib/init/entry.s            0x00000000   Number         0  entry11b.o ABSOLUTE
    ../clib/microlib/init/entry.s            0x00000000   Number         0  entry.o ABSOLUTE
    ../clib/microlib/init/entry.s            0x00000000   Number         0  entry2.o ABSOLUTE
    ../clib/microlib/init/entry.s            0x00000000   Number         0  entry5.o ABSOLUTE
    ../clib/microlib/init/entry.s            0x00000000   Number         0  entry10a.o ABSOLUTE
    ../clib/microlib/init/entry.s            0x00000000   Number         0  entry7a.o ABSOLUTE
    ../clib/microlib/init/entry.s            0x00000000   Number         0  entry7b.o ABSOLUTE
    ../clib/microlib/init/entry.s            0x00000000   Number         0  entry8a.o ABSOLUTE
    ../clib/microlib/init/entry.s            0x00000000   Number         0  entry8b.o ABSOLUTE
    ../clib/microlib/init/entry.s            0x00000000   Number         0  entry11a.o ABSOLUTE
    ../clib/microlib/init/entry.s            0x00000000   Number         0  entry9a.o ABSOLUTE
    ../clib/microlib/longlong.c              0x00000000   Number         0  llushr.o ABSOLUTE
    ../clib/microlib/string/memset.c         0x00000000   Number         0  memseta.o ABSOLUTE
    ../clib/microlib/unhosted.c              0x00000000   Number         0  uread4.o ABSOLUTE
    ..\Core\Src\LCD.c                        0x00000000   Number         0  lcd.o ABSOLUTE
    ..\Core\Src\LCD_MENU.c                   0x00000000   Number         0  lcd_menu.o ABSOLUTE
    ..\Core\Src\command.c                    0x00000000   Number         0  command.o ABSOLUTE
    ..\Core\Src\fatfs_sd.c                   0x00000000   Number         0  fatfs_sd.o ABSOLUTE
    ..\Core\Src\flash_if.c                   0x00000000   Number         0  flash_if.o ABSOLUTE
    ..\Core\Src\main.c                       0x00000000   Number         0  main.o ABSOLUTE
    ..\Core\Src\stm32f0xx_hal_msp.c          0x00000000   Number         0  stm32f0xx_hal_msp.o ABSOLUTE
    ..\Core\Src\stm32f0xx_it.c               0x00000000   Number         0  stm32f0xx_it.o ABSOLUTE
    ..\Core\Src\system_stm32f0xx.c           0x00000000   Number         0  system_stm32f0xx.o ABSOLUTE
    ..\Drivers\STM32F0xx_HAL_Driver\Src\stm32f0xx_hal.c 0x00000000   Number         0  stm32f0xx_hal.o ABSOLUTE
    ..\Drivers\STM32F0xx_HAL_Driver\Src\stm32f0xx_hal_cortex.c 0x00000000   Number         0  stm32f0xx_hal_cortex.o ABSOLUTE
    ..\Drivers\STM32F0xx_HAL_Driver\Src\stm32f0xx_hal_crc.c 0x00000000   Number         0  stm32f0xx_hal_crc.o ABSOLUTE
    ..\Drivers\STM32F0xx_HAL_Driver\Src\stm32f0xx_hal_crc_ex.c 0x00000000   Number         0  stm32f0xx_hal_crc_ex.o ABSOLUTE
    ..\Drivers\STM32F0xx_HAL_Driver\Src\stm32f0xx_hal_dma.c 0x00000000   Number         0  stm32f0xx_hal_dma.o ABSOLUTE
    ..\Drivers\STM32F0xx_HAL_Driver\Src\stm32f0xx_hal_flash.c 0x00000000   Number         0  stm32f0xx_hal_flash.o ABSOLUTE
    ..\Drivers\STM32F0xx_HAL_Driver\Src\stm32f0xx_hal_flash_ex.c 0x00000000   Number         0  stm32f0xx_hal_flash_ex.o ABSOLUTE
    ..\Drivers\STM32F0xx_HAL_Driver\Src\stm32f0xx_hal_gpio.c 0x00000000   Number         0  stm32f0xx_hal_gpio.o ABSOLUTE
    ..\Drivers\STM32F0xx_HAL_Driver\Src\stm32f0xx_hal_i2c.c 0x00000000   Number         0  stm32f0xx_hal_i2c.o ABSOLUTE
    ..\Drivers\STM32F0xx_HAL_Driver\Src\stm32f0xx_hal_i2c_ex.c 0x00000000   Number         0  stm32f0xx_hal_i2c_ex.o ABSOLUTE
    ..\Drivers\STM32F0xx_HAL_Driver\Src\stm32f0xx_hal_pwr.c 0x00000000   Number         0  stm32f0xx_hal_pwr.o ABSOLUTE
    ..\Drivers\STM32F0xx_HAL_Driver\Src\stm32f0xx_hal_pwr_ex.c 0x00000000   Number         0  stm32f0xx_hal_pwr_ex.o ABSOLUTE
    ..\Drivers\STM32F0xx_HAL_Driver\Src\stm32f0xx_hal_rcc.c 0x00000000   Number         0  stm32f0xx_hal_rcc.o ABSOLUTE
    ..\Drivers\STM32F0xx_HAL_Driver\Src\stm32f0xx_hal_rcc_ex.c 0x00000000   Number         0  stm32f0xx_hal_rcc_ex.o ABSOLUTE
    ..\Drivers\STM32F0xx_HAL_Driver\Src\stm32f0xx_hal_spi.c 0x00000000   Number         0  stm32f0xx_hal_spi.o ABSOLUTE
    ..\Drivers\STM32F0xx_HAL_Driver\Src\stm32f0xx_hal_spi_ex.c 0x00000000   Number         0  stm32f0xx_hal_spi_ex.o ABSOLUTE
    ..\Drivers\STM32F0xx_HAL_Driver\Src\stm32f0xx_hal_tim.c 0x00000000   Number         0  stm32f0xx_hal_tim.o ABSOLUTE
    ..\Drivers\STM32F0xx_HAL_Driver\Src\stm32f0xx_hal_tim_ex.c 0x00000000   Number         0  stm32f0xx_hal_tim_ex.o ABSOLUTE
    ..\FATFS\App\fatfs.c                     0x00000000   Number         0  fatfs.o ABSOLUTE
    ..\FATFS\Target\user_diskio.c            0x00000000   Number         0  user_diskio.o ABSOLUTE
    ..\Middlewares\Third_Party\FatFs\src\diskio.c 0x00000000   Number         0  diskio.o ABSOLUTE
    ..\Middlewares\Third_Party\FatFs\src\ff.c 0x00000000   Number         0  ff.o ABSOLUTE
    ..\Middlewares\Third_Party\FatFs\src\ff_gen_drv.c 0x00000000   Number         0  ff_gen_drv.o ABSOLUTE
    ..\Middlewares\Third_Party\FatFs\src\option\ccsbcs.c 0x00000000   Number         0  ccsbcs.o ABSOLUTE
    ..\Middlewares\Third_Party\FatFs\src\option\syscall.c 0x00000000   Number         0  syscall.o ABSOLUTE
    ..\\Core\\Src\\LCD.c                     0x00000000   Number         0  lcd.o ABSOLUTE
    ..\\Core\\Src\\LCD_MENU.c                0x00000000   Number         0  lcd_menu.o ABSOLUTE
    ..\\Core\\Src\\command.c                 0x00000000   Number         0  command.o ABSOLUTE
    ..\\Core\\Src\\fatfs_sd.c                0x00000000   Number         0  fatfs_sd.o ABSOLUTE
    ..\\Core\\Src\\flash_if.c                0x00000000   Number         0  flash_if.o ABSOLUTE
    dc.s                                     0x00000000   Number         0  dc.o ABSOLUTE
    handlers.s                               0x00000000   Number         0  handlers.o ABSOLUTE
    init.s                                   0x00000000   Number         0  init.o ABSOLUTE
    startup_stm32f030xc.s                    0x00000000   Number         0  startup_stm32f030xc.o ABSOLUTE
    RESET                                    0x08000000   Section      184  startup_stm32f030xc.o(RESET)
    .ARM.Collect$$$$00000000                 0x080000b8   Section        0  entry.o(.ARM.Collect$$$$00000000)
    .ARM.Collect$$$$00000001                 0x080000b8   Section        4  entry2.o(.ARM.Collect$$$$00000001)
    .ARM.Collect$$$$00000004                 0x080000bc   Section        4  entry5.o(.ARM.Collect$$$$00000004)
    .ARM.Collect$$$$00000008                 0x080000c0   Section        0  entry7b.o(.ARM.Collect$$$$00000008)
    .ARM.Collect$$$$0000000A                 0x080000c0   Section        0  entry8b.o(.ARM.Collect$$$$0000000A)
    .ARM.Collect$$$$0000000B                 0x080000c0   Section        8  entry9a.o(.ARM.Collect$$$$0000000B)
    .ARM.Collect$$$$0000000D                 0x080000c8   Section        0  entry10a.o(.ARM.Collect$$$$0000000D)
    .ARM.Collect$$$$0000000F                 0x080000c8   Section        0  entry11a.o(.ARM.Collect$$$$0000000F)
    .ARM.Collect$$$$00002712                 0x080000c8   Section        4  entry2.o(.ARM.Collect$$$$00002712)
    __lit__00000000                          0x080000c8   Data           4  entry2.o(.ARM.Collect$$$$00002712)
    .text                                    0x080000cc   Section       28  startup_stm32f030xc.o(.text)
    .text                                    0x080000e8   Section        0  uidiv.o(.text)
    .text                                    0x08000114   Section        0  llushr.o(.text)
    .text                                    0x08000136   Section        0  memseta.o(.text)
    .text                                    0x0800015a   Section        0  uread4.o(.text)
    .text                                    0x08000170   Section       36  init.o(.text)
    i.COMMAND_DOWNLOAD                       0x08000194   Section        0  command.o(i.COMMAND_DOWNLOAD)
    i.COMMAND_ProgramFlashMemory             0x080001dc   Section        0  command.o(i.COMMAND_ProgramFlashMemory)
    i.FATFS_LinkDriver                       0x08000240   Section        0  ff_gen_drv.o(i.FATFS_LinkDriver)
    i.FATFS_LinkDriverEx                     0x0800024c   Section        0  ff_gen_drv.o(i.FATFS_LinkDriverEx)
    i.FATFS_UnLinkDriver                     0x0800028c   Section        0  ff_gen_drv.o(i.FATFS_UnLinkDriver)
    i.FATFS_UnLinkDriverEx                   0x08000298   Section        0  ff_gen_drv.o(i.FATFS_UnLinkDriverEx)
    i.FLASH_If_Erase                         0x080002cc   Section        0  flash_if.o(i.FLASH_If_Erase)
    i.FLASH_If_GetWriteProtectionStatus      0x08000304   Section        0  flash_if.o(i.FLASH_If_GetWriteProtectionStatus)
    i.FLASH_If_Init                          0x08000328   Section        0  flash_if.o(i.FLASH_If_Init)
    i.FLASH_If_Write                         0x08000340   Section        0  flash_if.o(i.FLASH_If_Write)
    i.FLASH_MassErase                        0x08000398   Section        0  stm32f0xx_hal_flash_ex.o(i.FLASH_MassErase)
    FLASH_MassErase                          0x08000399   Thumb Code    26  stm32f0xx_hal_flash_ex.o(i.FLASH_MassErase)
    i.FLASH_OB_GetRDP                        0x080003bc   Section        0  stm32f0xx_hal_flash_ex.o(i.FLASH_OB_GetRDP)
    FLASH_OB_GetRDP                          0x080003bd   Thumb Code    26  stm32f0xx_hal_flash_ex.o(i.FLASH_OB_GetRDP)
    i.FLASH_PageErase                        0x080003dc   Section        0  stm32f0xx_hal_flash_ex.o(i.FLASH_PageErase)
    i.FLASH_Program_HalfWord                 0x08000400   Section        0  stm32f0xx_hal_flash.o(i.FLASH_Program_HalfWord)
    FLASH_Program_HalfWord                   0x08000401   Thumb Code    22  stm32f0xx_hal_flash.o(i.FLASH_Program_HalfWord)
    i.FLASH_SetErrorCode                     0x08000420   Section        0  stm32f0xx_hal_flash.o(i.FLASH_SetErrorCode)
    FLASH_SetErrorCode                       0x08000421   Thumb Code    46  stm32f0xx_hal_flash.o(i.FLASH_SetErrorCode)
    i.FLASH_WaitForLastOperation             0x08000458   Section        0  stm32f0xx_hal_flash.o(i.FLASH_WaitForLastOperation)
    i.HAL_CRCEx_Init                         0x080004a8   Section        0  stm32f0xx_hal_crc_ex.o(i.HAL_CRCEx_Init)
    i.HAL_CRC_Init                           0x080004ac   Section        0  stm32f0xx_hal_crc.o(i.HAL_CRC_Init)
    i.HAL_CRC_MspInit                        0x08000508   Section        0  stm32f0xx_hal_msp.o(i.HAL_CRC_MspInit)
    i.HAL_Delay                              0x0800052c   Section        0  stm32f0xx_hal.o(i.HAL_Delay)
    i.HAL_FLASHEx_Erase                      0x08000548   Section        0  stm32f0xx_hal_flash_ex.o(i.HAL_FLASHEx_Erase)
    i.HAL_FLASHEx_OBGetConfig                0x080005e8   Section        0  stm32f0xx_hal_flash_ex.o(i.HAL_FLASHEx_OBGetConfig)
    i.HAL_FLASH_Lock                         0x0800060c   Section        0  stm32f0xx_hal_flash.o(i.HAL_FLASH_Lock)
    i.HAL_FLASH_Program                      0x08000620   Section        0  stm32f0xx_hal_flash.o(i.HAL_FLASH_Program)
    i.HAL_FLASH_Unlock                       0x0800069c   Section        0  stm32f0xx_hal_flash.o(i.HAL_FLASH_Unlock)
    i.HAL_GPIO_Init                          0x080006c4   Section        0  stm32f0xx_hal_gpio.o(i.HAL_GPIO_Init)
    i.HAL_GPIO_WritePin                      0x0800080c   Section        0  stm32f0xx_hal_gpio.o(i.HAL_GPIO_WritePin)
    i.HAL_GetTick                            0x08000818   Section        0  stm32f0xx_hal.o(i.HAL_GetTick)
    i.HAL_IncTick                            0x08000824   Section        0  stm32f0xx_hal.o(i.HAL_IncTick)
    i.HAL_Init                               0x08000834   Section        0  stm32f0xx_hal.o(i.HAL_Init)
    i.HAL_InitTick                           0x08000854   Section        0  stm32f0xx_hal.o(i.HAL_InitTick)
    i.HAL_MspInit                            0x08000878   Section        0  stm32f0xx_hal_msp.o(i.HAL_MspInit)
    i.HAL_NVIC_SetPriority                   0x080008a0   Section        0  stm32f0xx_hal_cortex.o(i.HAL_NVIC_SetPriority)
    i.HAL_RCC_ClockConfig                    0x080008a8   Section        0  stm32f0xx_hal_rcc.o(i.HAL_RCC_ClockConfig)
    i.HAL_RCC_GetHCLKFreq                    0x080009d4   Section        0  stm32f0xx_hal_rcc.o(i.HAL_RCC_GetHCLKFreq)
    i.HAL_RCC_GetSysClockFreq                0x080009e0   Section        0  stm32f0xx_hal_rcc.o(i.HAL_RCC_GetSysClockFreq)
    i.HAL_RCC_OscConfig                      0x08000a50   Section        0  stm32f0xx_hal_rcc.o(i.HAL_RCC_OscConfig)
    i.HAL_SPI_GetState                       0x08000dac   Section        0  stm32f0xx_hal_spi.o(i.HAL_SPI_GetState)
    i.HAL_SPI_Init                           0x08000db2   Section        0  stm32f0xx_hal_spi.o(i.HAL_SPI_Init)
    i.HAL_SPI_MspInit                        0x08000e6c   Section        0  stm32f0xx_hal_msp.o(i.HAL_SPI_MspInit)
    i.HAL_SPI_Transmit                       0x08000ec8   Section        0  stm32f0xx_hal_spi.o(i.HAL_SPI_Transmit)
    i.HAL_SPI_TransmitReceive                0x08001038   Section        0  stm32f0xx_hal_spi.o(i.HAL_SPI_TransmitReceive)
    i.HAL_SYSTICK_Config                     0x08001280   Section        0  stm32f0xx_hal_cortex.o(i.HAL_SYSTICK_Config)
    i.HardFault_Handler                      0x080012b0   Section        0  stm32f0xx_it.o(i.HardFault_Handler)
    i.LCD_Clear                              0x080012b2   Section        0  lcd.o(i.LCD_Clear)
    i.LCD_Cmd                                0x080012c4   Section        0  lcd.o(i.LCD_Cmd)
    LCD_Cmd                                  0x080012c5   Thumb Code    30  lcd.o(i.LCD_Cmd)
    i.LCD_Cmd4bit                            0x080012e8   Section        0  lcd.o(i.LCD_Cmd4bit)
    LCD_Cmd4bit                              0x080012e9   Thumb Code   100  lcd.o(i.LCD_Cmd4bit)
    i.LCD_CursorSet                          0x08001350   Section        0  lcd.o(i.LCD_CursorSet)
    LCD_CursorSet                            0x08001351   Thumb Code    38  lcd.o(i.LCD_CursorSet)
    i.LCD_Data                               0x08001380   Section        0  lcd.o(i.LCD_Data)
    LCD_Data                                 0x08001381   Thumb Code    30  lcd.o(i.LCD_Data)
    i.LCD_Delay_us                           0x080013a4   Section        0  lcd.o(i.LCD_Delay_us)
    i.LCD_DisplayOn                          0x080013f8   Section        0  lcd.o(i.LCD_DisplayOn)
    i.LCD_Init                               0x08001414   Section        0  lcd.o(i.LCD_Init)
    i.LCD_Puts                               0x080014e8   Section        0  lcd.o(i.LCD_Puts)
    i.MX_FATFS_Init                          0x08001544   Section        0  fatfs.o(i.MX_FATFS_Init)
    i.MX_GPIO_Init                           0x08001560   Section        0  main.o(i.MX_GPIO_Init)
    MX_GPIO_Init                             0x08001561   Thumb Code   126  main.o(i.MX_GPIO_Init)
    i.MX_SPI1_Init                           0x080015ec   Section        0  main.o(i.MX_SPI1_Init)
    MX_SPI1_Init                             0x080015ed   Thumb Code    58  main.o(i.MX_SPI1_Init)
    i.NMI_Handler                            0x08001630   Section        0  stm32f0xx_it.o(i.NMI_Handler)
    i.NVIC_SetPriority                       0x08001634   Section        0  stm32f0xx_hal_cortex.o(i.NVIC_SetPriority)
    NVIC_SetPriority                         0x08001635   Thumb Code    60  stm32f0xx_hal_cortex.o(i.NVIC_SetPriority)
    i.PendSV_Handler                         0x08001678   Section        0  stm32f0xx_it.o(i.PendSV_Handler)
    i.Run_application                        0x0800167c   Section        0  main.o(i.Run_application)
    i.SDTimer_Handler                        0x080016a8   Section        0  stm32f0xx_it.o(i.SDTimer_Handler)
    i.SD_PowerOn                             0x080016c8   Section        0  fatfs_sd.o(i.SD_PowerOn)
    SD_PowerOn                               0x080016c9   Thumb Code    88  fatfs_sd.o(i.SD_PowerOn)
    i.SD_ReadyWait                           0x08001728   Section        0  fatfs_sd.o(i.SD_ReadyWait)
    SD_ReadyWait                             0x08001729   Thumb Code    28  fatfs_sd.o(i.SD_ReadyWait)
    i.SD_RxDataBlock                         0x08001748   Section        0  fatfs_sd.o(i.SD_RxDataBlock)
    SD_RxDataBlock                           0x08001749   Thumb Code    70  fatfs_sd.o(i.SD_RxDataBlock)
    i.SD_SendCmd                             0x08001794   Section        0  fatfs_sd.o(i.SD_SendCmd)
    SD_SendCmd                               0x08001795   Thumb Code   108  fatfs_sd.o(i.SD_SendCmd)
    i.SD_TxDataBlock                         0x08001800   Section        0  fatfs_sd.o(i.SD_TxDataBlock)
    SD_TxDataBlock                           0x08001801   Thumb Code   104  fatfs_sd.o(i.SD_TxDataBlock)
    i.SD_disk_initialize                     0x08001868   Section        0  fatfs_sd.o(i.SD_disk_initialize)
    i.SD_disk_ioctl                          0x080019a4   Section        0  fatfs_sd.o(i.SD_disk_ioctl)
    i.SD_disk_read                           0x08001ae4   Section        0  fatfs_sd.o(i.SD_disk_read)
    i.SD_disk_status                         0x08001b7c   Section        0  fatfs_sd.o(i.SD_disk_status)
    i.SD_disk_write                          0x08001b90   Section        0  fatfs_sd.o(i.SD_disk_write)
    i.SELECT                                 0x08001c4c   Section        0  fatfs_sd.o(i.SELECT)
    SELECT                                   0x08001c4d   Thumb Code    16  fatfs_sd.o(i.SELECT)
    i.SPI_EndRxTxTransaction                 0x08001c5c   Section        0  stm32f0xx_hal_spi.o(i.SPI_EndRxTxTransaction)
    SPI_EndRxTxTransaction                   0x08001c5d   Thumb Code    76  stm32f0xx_hal_spi.o(i.SPI_EndRxTxTransaction)
    i.SPI_RxByte                             0x08001ca8   Section        0  fatfs_sd.o(i.SPI_RxByte)
    SPI_RxByte                               0x08001ca9   Thumb Code    44  fatfs_sd.o(i.SPI_RxByte)
    i.SPI_TxByte                             0x08001cd8   Section        0  fatfs_sd.o(i.SPI_TxByte)
    SPI_TxByte                               0x08001cd9   Thumb Code    26  fatfs_sd.o(i.SPI_TxByte)
    i.SPI_WaitFifoStateUntilTimeout          0x08001cf8   Section        0  stm32f0xx_hal_spi.o(i.SPI_WaitFifoStateUntilTimeout)
    SPI_WaitFifoStateUntilTimeout            0x08001cf9   Thumb Code   150  stm32f0xx_hal_spi.o(i.SPI_WaitFifoStateUntilTimeout)
    i.SPI_WaitFlagStateUntilTimeout          0x08001d8e   Section        0  stm32f0xx_hal_spi.o(i.SPI_WaitFlagStateUntilTimeout)
    SPI_WaitFlagStateUntilTimeout            0x08001d8f   Thumb Code   140  stm32f0xx_hal_spi.o(i.SPI_WaitFlagStateUntilTimeout)
    i.SVC_Handler                            0x08001e1a   Section        0  stm32f0xx_it.o(i.SVC_Handler)
    i.SysTick_Handler                        0x08001e1c   Section        0  stm32f0xx_it.o(i.SysTick_Handler)
    i.SystemClock_Config                     0x08001e40   Section        0  main.o(i.SystemClock_Config)
    i.SystemInit                             0x08001e80   Section        0  system_stm32f0xx.o(i.SystemInit)
    i.USER_initialize                        0x08001edc   Section        0  user_diskio.o(i.USER_initialize)
    i.USER_ioctl                             0x08001ee6   Section        0  user_diskio.o(i.USER_ioctl)
    i.USER_read                              0x08001ef0   Section        0  user_diskio.o(i.USER_read)
    i.USER_status                            0x08001efa   Section        0  user_diskio.o(i.USER_status)
    i.USER_write                             0x08001f04   Section        0  user_diskio.o(i.USER_write)
    i.__scatterload_copy                     0x08001f0e   Section       14  handlers.o(i.__scatterload_copy)
    i.__scatterload_null                     0x08001f1c   Section        2  handlers.o(i.__scatterload_null)
    i.__scatterload_zeroinit                 0x08001f1e   Section       14  handlers.o(i.__scatterload_zeroinit)
    i.card_unlink                            0x08001f2c   Section        0  command.o(i.card_unlink)
    i.check_fs                               0x08001f50   Section        0  ff.o(i.check_fs)
    check_fs                                 0x08001f51   Thumb Code   102  ff.o(i.check_fs)
    i.chk_chr                                0x08001fc0   Section        0  ff.o(i.chk_chr)
    chk_chr                                  0x08001fc1   Thumb Code    18  ff.o(i.chk_chr)
    i.chk_lock                               0x08001fd4   Section        0  ff.o(i.chk_lock)
    chk_lock                                 0x08001fd5   Thumb Code   102  ff.o(i.chk_lock)
    i.clear_lock                             0x08002040   Section        0  ff.o(i.clear_lock)
    clear_lock                               0x08002041   Thumb Code    28  ff.o(i.clear_lock)
    i.clmt_clust                             0x08002060   Section        0  ff.o(i.clmt_clust)
    clmt_clust                               0x08002061   Thumb Code    56  ff.o(i.clmt_clust)
    i.clust2sect                             0x08002098   Section        0  ff.o(i.clust2sect)
    i.cmp_lfn                                0x080020b8   Section        0  ff.o(i.cmp_lfn)
    cmp_lfn                                  0x080020b9   Thumb Code   108  ff.o(i.cmp_lfn)
    i.create_chain                           0x0800212c   Section        0  ff.o(i.create_chain)
    create_chain                             0x0800212d   Thumb Code   174  ff.o(i.create_chain)
    i.create_name                            0x080021e0   Section        0  ff.o(i.create_name)
    create_name                              0x080021e1   Thumb Code   506  ff.o(i.create_name)
    i.dec_lock                               0x080023f4   Section        0  ff.o(i.dec_lock)
    dec_lock                                 0x080023f5   Thumb Code    56  ff.o(i.dec_lock)
    i.dir_find                               0x08002430   Section        0  ff.o(i.dir_find)
    dir_find                                 0x08002431   Thumb Code   214  ff.o(i.dir_find)
    i.dir_next                               0x0800250c   Section        0  ff.o(i.dir_next)
    dir_next                                 0x0800250d   Thumb Code   264  ff.o(i.dir_next)
    i.dir_register                           0x08002618   Section        0  ff.o(i.dir_register)
    dir_register                             0x08002619   Thumb Code   350  ff.o(i.dir_register)
    i.dir_sdi                                0x08002776   Section        0  ff.o(i.dir_sdi)
    dir_sdi                                  0x08002777   Thumb Code   140  ff.o(i.dir_sdi)
    i.disk_initialize                        0x08002804   Section        0  diskio.o(i.disk_initialize)
    i.disk_ioctl                             0x08002830   Section        0  diskio.o(i.disk_ioctl)
    i.disk_read                              0x0800284c   Section        0  diskio.o(i.disk_read)
    i.disk_status                            0x08002868   Section        0  diskio.o(i.disk_status)
    i.disk_write                             0x08002880   Section        0  diskio.o(i.disk_write)
    i.f_close                                0x0800289c   Section        0  ff.o(i.f_close)
    i.f_mount                                0x080028c8   Section        0  ff.o(i.f_mount)
    i.f_open                                 0x08002928   Section        0  ff.o(i.f_open)
    i.f_read                                 0x08002adc   Section        0  ff.o(i.f_read)
    i.f_stat                                 0x08002c5c   Section        0  ff.o(i.f_stat)
    i.f_sync                                 0x08002ca8   Section        0  ff.o(i.f_sync)
    i.ff_convert                             0x08002d50   Section        0  ccsbcs.o(i.ff_convert)
    i.ff_wtoupper                            0x08002d88   Section        0  ccsbcs.o(i.ff_wtoupper)
    i.find_volume                            0x08002dac   Section        0  ff.o(i.find_volume)
    find_volume                              0x08002dad   Thumb Code   646  ff.o(i.find_volume)
    i.fit_lfn                                0x0800304c   Section        0  ff.o(i.fit_lfn)
    fit_lfn                                  0x0800304d   Thumb Code    92  ff.o(i.fit_lfn)
    i.follow_path                            0x080030b0   Section        0  ff.o(i.follow_path)
    follow_path                              0x080030b1   Thumb Code   110  ff.o(i.follow_path)
    i.gen_numname                            0x08003120   Section        0  ff.o(i.gen_numname)
    gen_numname                              0x08003121   Thumb Code   120  ff.o(i.gen_numname)
    i.get_fat                                0x0800319c   Section        0  ff.o(i.get_fat)
    i.get_fattime                            0x08003268   Section        0  fatfs.o(i.get_fattime)
    i.get_fileinfo                           0x0800326c   Section        0  ff.o(i.get_fileinfo)
    get_fileinfo                             0x0800326d   Thumb Code   200  ff.o(i.get_fileinfo)
    i.get_ldnumber                           0x08003338   Section        0  ff.o(i.get_ldnumber)
    get_ldnumber                             0x08003339   Thumb Code    60  ff.o(i.get_ldnumber)
    i.inc_lock                               0x08003374   Section        0  ff.o(i.inc_lock)
    inc_lock                                 0x08003375   Thumb Code   144  ff.o(i.inc_lock)
    i.is_update_available                    0x08003408   Section        0  command.o(i.is_update_available)
    i.ld_clust                               0x08003440   Section        0  ff.o(i.ld_clust)
    ld_clust                                 0x08003441   Thumb Code    36  ff.o(i.ld_clust)
    i.main                                   0x08003464   Section        0  main.o(i.main)
    i.mem_cpy                                0x08003528   Section        0  ff.o(i.mem_cpy)
    mem_cpy                                  0x08003529   Thumb Code    16  ff.o(i.mem_cpy)
    i.mem_set                                0x08003538   Section        0  ff.o(i.mem_set)
    mem_set                                  0x08003539   Thumb Code    14  ff.o(i.mem_set)
    i.move_window                            0x08003546   Section        0  ff.o(i.move_window)
    move_window                              0x08003547   Thumb Code    56  ff.o(i.move_window)
    i.put_fat                                0x0800357e   Section        0  ff.o(i.put_fat)
    i.remove_chain                           0x0800367c   Section        0  ff.o(i.remove_chain)
    remove_chain                             0x0800367d   Thumb Code   102  ff.o(i.remove_chain)
    i.st_clust                               0x080036e2   Section        0  ff.o(i.st_clust)
    st_clust                                 0x080036e3   Thumb Code    16  ff.o(i.st_clust)
    i.startup                                0x080036f4   Section        0  lcd_menu.o(i.startup)
    i.sum_sfn                                0x08003744   Section        0  ff.o(i.sum_sfn)
    sum_sfn                                  0x08003745   Thumb Code    26  ff.o(i.sum_sfn)
    i.sync_fs                                0x0800375e   Section        0  ff.o(i.sync_fs)
    sync_fs                                  0x0800375f   Thumb Code   148  ff.o(i.sync_fs)
    i.sync_window                            0x080037f2   Section        0  ff.o(i.sync_window)
    sync_window                              0x080037f3   Thumb Code    84  ff.o(i.sync_window)
    i.validate                               0x08003846   Section        0  ff.o(i.validate)
    validate                                 0x08003847   Thumb Code    52  ff.o(i.validate)
    .constdata                               0x0800387a   Section        8  command.o(.constdata)
    .constdata                               0x08003882   Section       16  system_stm32f0xx.o(.constdata)
    .constdata                               0x08003892   Section      186  ff.o(.constdata)
    ExCvt                                    0x08003892   Data         128  ff.o(.constdata)
    LfnOfs                                   0x08003912   Data          13  ff.o(.constdata)
    vst                                      0x08003920   Data          22  ff.o(.constdata)
    cst                                      0x08003936   Data          22  ff.o(.constdata)
    .constdata                               0x0800394c   Section     1216  ccsbcs.o(.constdata)
    Tbl                                      0x0800394c   Data         256  ccsbcs.o(.constdata)
    tbl_lower                                0x08003a4c   Data         480  ccsbcs.o(.constdata)
    tbl_upper                                0x08003c2c   Data         480  ccsbcs.o(.constdata)
    .data                                    0x20000000   Section        8  command.o(.data)
    LastPGAddress                            0x20000000   Data           4  command.o(.data)
    .data                                    0x20000008   Section        3  fatfs_sd.o(.data)
    Stat                                     0x20000008   Data           1  fatfs_sd.o(.data)
    PowerFlag                                0x20000009   Data           1  fatfs_sd.o(.data)
    CardType                                 0x2000000a   Data           1  fatfs_sd.o(.data)
    .data                                    0x2000000b   Section        5  lcd.o(.data)
    LCD_Opts                                 0x2000000b   Data           5  lcd.o(.data)
    .data                                    0x20000010   Section       12  main.o(.data)
    .data                                    0x2000001c   Section        3  stm32f0xx_it.o(.data)
    .data                                    0x20000020   Section       20  user_diskio.o(.data)
    .data                                    0x20000034   Section        5  fatfs.o(.data)
    .data                                    0x2000003c   Section        4  stm32f0xx_hal.o(.data)
    .data                                    0x20000040   Section        4  system_stm32f0xx.o(.data)
    .data                                    0x20000044   Section        8  ff.o(.data)
    Fsid                                     0x20000044   Data           2  ff.o(.data)
    FatFs                                    0x20000048   Data           4  ff.o(.data)
    .bss                                     0x2000004c   Section     9308  command.o(.bss)
    .bss                                     0x200024a8   Section      136  main.o(.bss)
    .bss                                     0x20002530   Section       32  stm32f0xx_hal_flash.o(.bss)
    .bss                                     0x20002550   Section       90  ff.o(.bss)
    Files                                    0x20002550   Data          24  ff.o(.bss)
    LfnBuf                                   0x20002568   Data          66  ff.o(.bss)
    .bss                                     0x200025ac   Section       12  ff_gen_drv.o(.bss)
    STACK                                    0x200025b8   Section     1536  startup_stm32f030xc.o(STACK)

    Global Symbols

    Symbol Name                              Value     Ov Type        Size  Object(Section)

    BuildAttributes$$THM_ISAv3M$S$PE$A:L22$X:L11$S22$IEEE1$IW$USESV6$~STKCKD$USESV7$~SHL$OSPACE$EBA8$MICROLIB$REQ8$PRES8$EABIv2 0x00000000   Number         0  anon$$obj.o ABSOLUTE
    __ARM_use_no_argv                        0x00000000   Number         0  main.o ABSOLUTE
    __cpp_initialize__aeabi_                  - Undefined Weak Reference
    __cxa_finalize                            - Undefined Weak Reference
    __decompress                              - Undefined Weak Reference
    _clock_init                               - Undefined Weak Reference
    _microlib_exit                            - Undefined Weak Reference
    __Vectors_Size                           0x000000b8   Number         0  startup_stm32f030xc.o ABSOLUTE
    __Vectors                                0x08000000   Data           4  startup_stm32f030xc.o(RESET)
    __Vectors_End                            0x080000b8   Data           0  startup_stm32f030xc.o(RESET)
    __main                                   0x080000b9   Thumb Code     0  entry.o(.ARM.Collect$$$$00000000)
    _main_stk                                0x080000b9   Thumb Code     0  entry2.o(.ARM.Collect$$$$00000001)
    _main_scatterload                        0x080000bd   Thumb Code     0  entry5.o(.ARM.Collect$$$$00000004)
    __main_after_scatterload                 0x080000c1   Thumb Code     0  entry5.o(.ARM.Collect$$$$00000004)
    _main_clock                              0x080000c1   Thumb Code     0  entry7b.o(.ARM.Collect$$$$00000008)
    _main_cpp_init                           0x080000c1   Thumb Code     0  entry8b.o(.ARM.Collect$$$$0000000A)
    _main_init                               0x080000c1   Thumb Code     0  entry9a.o(.ARM.Collect$$$$0000000B)
    __rt_final_cpp                           0x080000c9   Thumb Code     0  entry10a.o(.ARM.Collect$$$$0000000D)
    __rt_final_exit                          0x080000c9   Thumb Code     0  entry11a.o(.ARM.Collect$$$$0000000F)
    Reset_Handler                            0x080000cd   Thumb Code     8  startup_stm32f030xc.o(.text)
    ADC1_IRQHandler                          0x080000df   Thumb Code     0  startup_stm32f030xc.o(.text)
    DMA1_Channel1_IRQHandler                 0x080000df   Thumb Code     0  startup_stm32f030xc.o(.text)
    DMA1_Channel2_3_IRQHandler               0x080000df   Thumb Code     0  startup_stm32f030xc.o(.text)
    DMA1_Channel4_5_IRQHandler               0x080000df   Thumb Code     0  startup_stm32f030xc.o(.text)
    EXTI0_1_IRQHandler                       0x080000df   Thumb Code     0  startup_stm32f030xc.o(.text)
    EXTI2_3_IRQHandler                       0x080000df   Thumb Code     0  startup_stm32f030xc.o(.text)
    EXTI4_15_IRQHandler                      0x080000df   Thumb Code     0  startup_stm32f030xc.o(.text)
    FLASH_IRQHandler                         0x080000df   Thumb Code     0  startup_stm32f030xc.o(.text)
    I2C1_IRQHandler                          0x080000df   Thumb Code     0  startup_stm32f030xc.o(.text)
    I2C2_IRQHandler                          0x080000df   Thumb Code     0  startup_stm32f030xc.o(.text)
    RCC_IRQHandler                           0x080000df   Thumb Code     0  startup_stm32f030xc.o(.text)
    RTC_IRQHandler                           0x080000df   Thumb Code     0  startup_stm32f030xc.o(.text)
    SPI1_IRQHandler                          0x080000df   Thumb Code     0  startup_stm32f030xc.o(.text)
    SPI2_IRQHandler                          0x080000df   Thumb Code     0  startup_stm32f030xc.o(.text)
    TIM14_IRQHandler                         0x080000df   Thumb Code     0  startup_stm32f030xc.o(.text)
    TIM15_IRQHandler                         0x080000df   Thumb Code     0  startup_stm32f030xc.o(.text)
    TIM16_IRQHandler                         0x080000df   Thumb Code     0  startup_stm32f030xc.o(.text)
    TIM17_IRQHandler                         0x080000df   Thumb Code     0  startup_stm32f030xc.o(.text)
    TIM1_BRK_UP_TRG_COM_IRQHandler           0x080000df   Thumb Code     0  startup_stm32f030xc.o(.text)
    TIM1_CC_IRQHandler                       0x080000df   Thumb Code     0  startup_stm32f030xc.o(.text)
    TIM3_IRQHandler                          0x080000df   Thumb Code     0  startup_stm32f030xc.o(.text)
    TIM6_IRQHandler                          0x080000df   Thumb Code     0  startup_stm32f030xc.o(.text)
    TIM7_IRQHandler                          0x080000df   Thumb Code     0  startup_stm32f030xc.o(.text)
    USART1_IRQHandler                        0x080000df   Thumb Code     0  startup_stm32f030xc.o(.text)
    USART2_IRQHandler                        0x080000df   Thumb Code     0  startup_stm32f030xc.o(.text)
    USART3_6_IRQHandler                      0x080000df   Thumb Code     0  startup_stm32f030xc.o(.text)
    WWDG_IRQHandler                          0x080000df   Thumb Code     0  startup_stm32f030xc.o(.text)
    __aeabi_uidiv                            0x080000e9   Thumb Code     0  uidiv.o(.text)
    __aeabi_uidivmod                         0x080000e9   Thumb Code    44  uidiv.o(.text)
    __aeabi_llsr                             0x08000115   Thumb Code    34  llushr.o(.text)
    _ll_ushift_r                             0x08000115   Thumb Code     0  llushr.o(.text)
    __aeabi_memset                           0x08000137   Thumb Code    14  memseta.o(.text)
    __aeabi_memset4                          0x08000137   Thumb Code     0  memseta.o(.text)
    __aeabi_memset8                          0x08000137   Thumb Code     0  memseta.o(.text)
    __aeabi_memclr                           0x08000145   Thumb Code     4  memseta.o(.text)
    __aeabi_memclr4                          0x08000145   Thumb Code     0  memseta.o(.text)
    __aeabi_memclr8                          0x08000145   Thumb Code     0  memseta.o(.text)
    _memset$wrapper                          0x08000149   Thumb Code    18  memseta.o(.text)
    __aeabi_uread4                           0x0800015b   Thumb Code    20  uread4.o(.text)
    __rt_uread4                              0x0800015b   Thumb Code     0  uread4.o(.text)
    _uread4                                  0x0800015b   Thumb Code     0  uread4.o(.text)
    __scatterload                            0x08000171   Thumb Code    28  init.o(.text)
    __scatterload_rt2                        0x08000171   Thumb Code     0  init.o(.text)
    COMMAND_DOWNLOAD                         0x08000195   Thumb Code    64  command.o(i.COMMAND_DOWNLOAD)
    COMMAND_ProgramFlashMemory               0x080001dd   Thumb Code    84  command.o(i.COMMAND_ProgramFlashMemory)
    FATFS_LinkDriver                         0x08000241   Thumb Code    10  ff_gen_drv.o(i.FATFS_LinkDriver)
    FATFS_LinkDriverEx                       0x0800024d   Thumb Code    60  ff_gen_drv.o(i.FATFS_LinkDriverEx)
    FATFS_UnLinkDriver                       0x0800028d   Thumb Code    10  ff_gen_drv.o(i.FATFS_UnLinkDriver)
    FATFS_UnLinkDriverEx                     0x08000299   Thumb Code    48  ff_gen_drv.o(i.FATFS_UnLinkDriverEx)
    FLASH_If_Erase                           0x080002cd   Thumb Code    52  flash_if.o(i.FLASH_If_Erase)
    FLASH_If_GetWriteProtectionStatus        0x08000305   Thumb Code    32  flash_if.o(i.FLASH_If_GetWriteProtectionStatus)
    FLASH_If_Init                            0x08000329   Thumb Code    18  flash_if.o(i.FLASH_If_Init)
    FLASH_If_Write                           0x08000341   Thumb Code    82  flash_if.o(i.FLASH_If_Write)
    FLASH_PageErase                          0x080003dd   Thumb Code    28  stm32f0xx_hal_flash_ex.o(i.FLASH_PageErase)
    FLASH_WaitForLastOperation               0x08000459   Thumb Code    76  stm32f0xx_hal_flash.o(i.FLASH_WaitForLastOperation)
    HAL_CRCEx_Init                           0x080004a9   Thumb Code     4  stm32f0xx_hal_crc_ex.o(i.HAL_CRCEx_Init)
    HAL_CRC_Init                             0x080004ad   Thumb Code    92  stm32f0xx_hal_crc.o(i.HAL_CRC_Init)
    HAL_CRC_MspInit                          0x08000509   Thumb Code    28  stm32f0xx_hal_msp.o(i.HAL_CRC_MspInit)
    HAL_Delay                                0x0800052d   Thumb Code    28  stm32f0xx_hal.o(i.HAL_Delay)
    HAL_FLASHEx_Erase                        0x08000549   Thumb Code   148  stm32f0xx_hal_flash_ex.o(i.HAL_FLASHEx_Erase)
    HAL_FLASHEx_OBGetConfig                  0x080005e9   Thumb Code    32  stm32f0xx_hal_flash_ex.o(i.HAL_FLASHEx_OBGetConfig)
    HAL_FLASH_Lock                           0x0800060d   Thumb Code    14  stm32f0xx_hal_flash.o(i.HAL_FLASH_Lock)
    HAL_FLASH_Program                        0x08000621   Thumb Code   110  stm32f0xx_hal_flash.o(i.HAL_FLASH_Program)
    HAL_FLASH_Unlock                         0x0800069d   Thumb Code    28  stm32f0xx_hal_flash.o(i.HAL_FLASH_Unlock)
    HAL_GPIO_Init                            0x080006c5   Thumb Code   302  stm32f0xx_hal_gpio.o(i.HAL_GPIO_Init)
    HAL_GPIO_WritePin                        0x0800080d   Thumb Code    12  stm32f0xx_hal_gpio.o(i.HAL_GPIO_WritePin)
    HAL_GetTick                              0x08000819   Thumb Code     6  stm32f0xx_hal.o(i.HAL_GetTick)
    HAL_IncTick                              0x08000825   Thumb Code    10  stm32f0xx_hal.o(i.HAL_IncTick)
    HAL_Init                                 0x08000835   Thumb Code    26  stm32f0xx_hal.o(i.HAL_Init)
    HAL_InitTick                             0x08000855   Thumb Code    34  stm32f0xx_hal.o(i.HAL_InitTick)
    HAL_MspInit                              0x08000879   Thumb Code    34  stm32f0xx_hal_msp.o(i.HAL_MspInit)
    HAL_NVIC_SetPriority                     0x080008a1   Thumb Code     8  stm32f0xx_hal_cortex.o(i.HAL_NVIC_SetPriority)
    HAL_RCC_ClockConfig                      0x080008a9   Thumb Code   280  stm32f0xx_hal_rcc.o(i.HAL_RCC_ClockConfig)
    HAL_RCC_GetHCLKFreq                      0x080009d5   Thumb Code     6  stm32f0xx_hal_rcc.o(i.HAL_RCC_GetHCLKFreq)
    HAL_RCC_GetSysClockFreq                  0x080009e1   Thumb Code    70  stm32f0xx_hal_rcc.o(i.HAL_RCC_GetSysClockFreq)
    HAL_RCC_OscConfig                        0x08000a51   Thumb Code   846  stm32f0xx_hal_rcc.o(i.HAL_RCC_OscConfig)
    HAL_SPI_GetState                         0x08000dad   Thumb Code     6  stm32f0xx_hal_spi.o(i.HAL_SPI_GetState)
    HAL_SPI_Init                             0x08000db3   Thumb Code   184  stm32f0xx_hal_spi.o(i.HAL_SPI_Init)
    HAL_SPI_MspInit                          0x08000e6d   Thumb Code    84  stm32f0xx_hal_msp.o(i.HAL_SPI_MspInit)
    HAL_SPI_Transmit                         0x08000ec9   Thumb Code   368  stm32f0xx_hal_spi.o(i.HAL_SPI_Transmit)
    HAL_SPI_TransmitReceive                  0x08001039   Thumb Code   584  stm32f0xx_hal_spi.o(i.HAL_SPI_TransmitReceive)
    HAL_SYSTICK_Config                       0x08001281   Thumb Code    38  stm32f0xx_hal_cortex.o(i.HAL_SYSTICK_Config)
    HardFault_Handler                        0x080012b1   Thumb Code     2  stm32f0xx_it.o(i.HardFault_Handler)
    LCD_Clear                                0x080012b3   Thumb Code    16  lcd.o(i.LCD_Clear)
    LCD_Delay_us                             0x080013a5   Thumb Code    80  lcd.o(i.LCD_Delay_us)
    LCD_DisplayOn                            0x080013f9   Thumb Code    22  lcd.o(i.LCD_DisplayOn)
    LCD_Init                                 0x08001415   Thumb Code   204  lcd.o(i.LCD_Init)
    LCD_Puts                                 0x080014e9   Thumb Code    86  lcd.o(i.LCD_Puts)
    MX_FATFS_Init                            0x08001545   Thumb Code    18  fatfs.o(i.MX_FATFS_Init)
    NMI_Handler                              0x08001631   Thumb Code     2  stm32f0xx_it.o(i.NMI_Handler)
    PendSV_Handler                           0x08001679   Thumb Code     2  stm32f0xx_it.o(i.PendSV_Handler)
    Run_application                          0x0800167d   Thumb Code    32  main.o(i.Run_application)
    SDTimer_Handler                          0x080016a9   Thumb Code    28  stm32f0xx_it.o(i.SDTimer_Handler)
    SD_disk_initialize                       0x08001869   Thumb Code   306  fatfs_sd.o(i.SD_disk_initialize)
    SD_disk_ioctl                            0x080019a5   Thumb Code   314  fatfs_sd.o(i.SD_disk_ioctl)
    SD_disk_read                             0x08001ae5   Thumb Code   148  fatfs_sd.o(i.SD_disk_read)
    SD_disk_status                           0x08001b7d   Thumb Code    14  fatfs_sd.o(i.SD_disk_status)
    SD_disk_write                            0x08001b91   Thumb Code   182  fatfs_sd.o(i.SD_disk_write)
    SVC_Handler                              0x08001e1b   Thumb Code     2  stm32f0xx_it.o(i.SVC_Handler)
    SysTick_Handler                          0x08001e1d   Thumb Code    30  stm32f0xx_it.o(i.SysTick_Handler)
    SystemClock_Config                       0x08001e41   Thumb Code    64  main.o(i.SystemClock_Config)
    SystemInit                               0x08001e81   Thumb Code    78  system_stm32f0xx.o(i.SystemInit)
    USER_initialize                          0x08001edd   Thumb Code    10  user_diskio.o(i.USER_initialize)
    USER_ioctl                               0x08001ee7   Thumb Code    10  user_diskio.o(i.USER_ioctl)
    USER_read                                0x08001ef1   Thumb Code    10  user_diskio.o(i.USER_read)
    USER_status                              0x08001efb   Thumb Code    10  user_diskio.o(i.USER_status)
    USER_write                               0x08001f05   Thumb Code    10  user_diskio.o(i.USER_write)
    __scatterload_copy                       0x08001f0f   Thumb Code    14  handlers.o(i.__scatterload_copy)
    __scatterload_null                       0x08001f1d   Thumb Code     2  handlers.o(i.__scatterload_null)
    __scatterload_zeroinit                   0x08001f1f   Thumb Code    14  handlers.o(i.__scatterload_zeroinit)
    card_unlink                              0x08001f2d   Thumb Code    26  command.o(i.card_unlink)
    clust2sect                               0x08002099   Thumb Code    30  ff.o(i.clust2sect)
    disk_initialize                          0x08002805   Thumb Code    38  diskio.o(i.disk_initialize)
    disk_ioctl                               0x08002831   Thumb Code    24  diskio.o(i.disk_ioctl)
    disk_read                                0x0800284d   Thumb Code    24  diskio.o(i.disk_read)
    disk_status                              0x08002869   Thumb Code    18  diskio.o(i.disk_status)
    disk_write                               0x08002881   Thumb Code    24  diskio.o(i.disk_write)
    f_close                                  0x0800289d   Thumb Code    44  ff.o(i.f_close)
    f_mount                                  0x080028c9   Thumb Code    90  ff.o(i.f_mount)
    f_open                                   0x08002929   Thumb Code   432  ff.o(i.f_open)
    f_read                                   0x08002add   Thumb Code   378  ff.o(i.f_read)
    f_stat                                   0x08002c5d   Thumb Code    72  ff.o(i.f_stat)
    f_sync                                   0x08002ca9   Thumb Code   168  ff.o(i.f_sync)
    ff_convert                               0x08002d51   Thumb Code    52  ccsbcs.o(i.ff_convert)
    ff_wtoupper                              0x08002d89   Thumb Code    28  ccsbcs.o(i.ff_wtoupper)
    get_fat                                  0x0800319d   Thumb Code   204  ff.o(i.get_fat)
    get_fattime                              0x08003269   Thumb Code     4  fatfs.o(i.get_fattime)
    is_update_available                      0x08003409   Thumb Code    38  command.o(i.is_update_available)
    main                                     0x08003465   Thumb Code   110  main.o(i.main)
    put_fat                                  0x0800357f   Thumb Code   254  ff.o(i.put_fat)
    startup                                  0x080036f5   Thumb Code    48  lcd_menu.o(i.startup)
    DownloadFile                             0x0800387a   Data           8  command.o(.constdata)
    AHBPrescTable                            0x08003882   Data          16  system_stm32f0xx.o(.constdata)
    Region$$Table$$Base                      0x08003e0c   Number         0  anon$$obj.o(Region$$Table)
    Region$$Table$$Limit                     0x08003e2c   Number         0  anon$$obj.o(Region$$Table)
    SDPath                                   0x20000004   Data           4  command.o(.data)
    FlashProtection                          0x20000010   Data           4  main.o(.data)
    JumpToApplication                        0x20000014   Data           4  main.o(.data)
    JumpAddress                              0x20000018   Data           4  main.o(.data)
    FatFsCnt                                 0x2000001c   Data           1  stm32f0xx_it.o(.data)
    Timer1                                   0x2000001d   Data           1  stm32f0xx_it.o(.data)
    Timer2                                   0x2000001e   Data           1  stm32f0xx_it.o(.data)
    USER_Driver                              0x20000020   Data          20  user_diskio.o(.data)
    retUSER                                  0x20000034   Data           1  fatfs.o(.data)
    USERPath                                 0x20000035   Data           4  fatfs.o(.data)
    uwTick                                   0x2000003c   Data           4  stm32f0xx_hal.o(.data)
    SystemCoreClock                          0x20000040   Data           4  system_stm32f0xx.o(.data)
    RAMBuf                                   0x2000004c   Data        8192  command.o(.bss)
    fatfs                                    0x2000204c   Data         560  command.o(.bss)
    fil                                      0x2000227c   Data         556  command.o(.bss)
    hcrc                                     0x200024a8   Data          36  main.o(.bss)
    hspi1                                    0x200024cc   Data         100  main.o(.bss)
    pFlash                                   0x20002530   Data          32  stm32f0xx_hal_flash.o(.bss)
    disk                                     0x200025ac   Data          12  ff_gen_drv.o(.bss)
    __initial_sp                             0x20002bb8   Data           0  startup_stm32f030xc.o(STACK)



==============================================================================

Memory Map of the image

  Image Entry point : 0x080000b9

  Load Region LR_IROM1 (Base: 0x08000000, Size: 0x00003e78, Max: 0x00040000, ABSOLUTE)

    Execution Region ER_IROM1 (Exec base: 0x08000000, Load base: 0x08000000, Size: 0x00003e2c, Max: 0x00040000, ABSOLUTE)

    Exec Addr    Load Addr    Size         Type   Attr      Idx    E Section Name        Object

    0x08000000   0x08000000   0x000000b8   Data   RO            3    RESET               startup_stm32f030xc.o
    0x080000b8   0x080000b8   0x00000000   Code   RO         2982  * .ARM.Collect$$$$00000000  mc_p.l(entry.o)
    0x080000b8   0x080000b8   0x00000004   Code   RO         2993    .ARM.Collect$$$$00000001  mc_p.l(entry2.o)
    0x080000bc   0x080000bc   0x00000004   Code   RO         2996    .ARM.Collect$$$$00000004  mc_p.l(entry5.o)
    0x080000c0   0x080000c0   0x00000000   Code   RO         2998    .ARM.Collect$$$$00000008  mc_p.l(entry7b.o)
    0x080000c0   0x080000c0   0x00000000   Code   RO         3000    .ARM.Collect$$$$0000000A  mc_p.l(entry8b.o)
    0x080000c0   0x080000c0   0x00000008   Code   RO         3001    .ARM.Collect$$$$0000000B  mc_p.l(entry9a.o)
    0x080000c8   0x080000c8   0x00000000   Code   RO         3003    .ARM.Collect$$$$0000000D  mc_p.l(entry10a.o)
    0x080000c8   0x080000c8   0x00000000   Code   RO         3005    .ARM.Collect$$$$0000000F  mc_p.l(entry11a.o)
    0x080000c8   0x080000c8   0x00000004   Code   RO         2994    .ARM.Collect$$$$00002712  mc_p.l(entry2.o)
    0x080000cc   0x080000cc   0x0000001c   Code   RO            4    .text               startup_stm32f030xc.o
    0x080000e8   0x080000e8   0x0000002c   Code   RO         2985    .text               mc_p.l(uidiv.o)
    0x08000114   0x08000114   0x00000022   Code   RO         2987    .text               mc_p.l(llushr.o)
    0x08000136   0x08000136   0x00000024   Code   RO         2989    .text               mc_p.l(memseta.o)
    0x0800015a   0x0800015a   0x00000014   Code   RO         2991    .text               mc_p.l(uread4.o)
    0x0800016e   0x0800016e   0x00000002   PAD
    0x08000170   0x08000170   0x00000024   Code   RO         3007    .text               mc_p.l(init.o)
    0x08000194   0x08000194   0x00000048   Code   RO           12    i.COMMAND_DOWNLOAD  command.o
    0x080001dc   0x080001dc   0x00000064   Code   RO           13    i.COMMAND_ProgramFlashMemory  command.o
    0x08000240   0x08000240   0x0000000a   Code   RO         2883    i.FATFS_LinkDriver  ff_gen_drv.o
    0x0800024a   0x0800024a   0x00000002   PAD
    0x0800024c   0x0800024c   0x00000040   Code   RO         2884    i.FATFS_LinkDriverEx  ff_gen_drv.o
    0x0800028c   0x0800028c   0x0000000a   Code   RO         2885    i.FATFS_UnLinkDriver  ff_gen_drv.o
    0x08000296   0x08000296   0x00000002   PAD
    0x08000298   0x08000298   0x00000034   Code   RO         2886    i.FATFS_UnLinkDriverEx  ff_gen_drv.o
    0x080002cc   0x080002cc   0x00000038   Code   RO          270    i.FLASH_If_Erase    flash_if.o
    0x08000304   0x08000304   0x00000024   Code   RO          271    i.FLASH_If_GetWriteProtectionStatus  flash_if.o
    0x08000328   0x08000328   0x00000018   Code   RO          272    i.FLASH_If_Init     flash_if.o
    0x08000340   0x08000340   0x00000058   Code   RO          273    i.FLASH_If_Write    flash_if.o
    0x08000398   0x08000398   0x00000024   Code   RO         2370    i.FLASH_MassErase   stm32f0xx_hal_flash_ex.o
    0x080003bc   0x080003bc   0x00000020   Code   RO         2373    i.FLASH_OB_GetRDP   stm32f0xx_hal_flash_ex.o
    0x080003dc   0x080003dc   0x00000024   Code   RO         2375    i.FLASH_PageErase   stm32f0xx_hal_flash_ex.o
    0x08000400   0x08000400   0x00000020   Code   RO         2271    i.FLASH_Program_HalfWord  stm32f0xx_hal_flash.o
    0x08000420   0x08000420   0x00000038   Code   RO         2272    i.FLASH_SetErrorCode  stm32f0xx_hal_flash.o
    0x08000458   0x08000458   0x00000050   Code   RO         2273    i.FLASH_WaitForLastOperation  stm32f0xx_hal_flash.o
    0x080004a8   0x080004a8   0x00000004   Code   RO          791    i.HAL_CRCEx_Init    stm32f0xx_hal_crc_ex.o
    0x080004ac   0x080004ac   0x0000005c   Code   RO          731    i.HAL_CRC_Init      stm32f0xx_hal_crc.o
    0x08000508   0x08000508   0x00000024   Code   RO          594    i.HAL_CRC_MspInit   stm32f0xx_hal_msp.o
    0x0800052c   0x0800052c   0x0000001c   Code   RO         1323    i.HAL_Delay         stm32f0xx_hal.o
    0x08000548   0x08000548   0x000000a0   Code   RO         2376    i.HAL_FLASHEx_Erase  stm32f0xx_hal_flash_ex.o
    0x080005e8   0x080005e8   0x00000024   Code   RO         2379    i.HAL_FLASHEx_OBGetConfig  stm32f0xx_hal_flash_ex.o
    0x0800060c   0x0800060c   0x00000014   Code   RO         2277    i.HAL_FLASH_Lock    stm32f0xx_hal_flash.o
    0x08000620   0x08000620   0x0000007c   Code   RO         2282    i.HAL_FLASH_Program  stm32f0xx_hal_flash.o
    0x0800069c   0x0800069c   0x00000028   Code   RO         2284    i.HAL_FLASH_Unlock  stm32f0xx_hal_flash.o
    0x080006c4   0x080006c4   0x00000148   Code   RO         1920    i.HAL_GPIO_Init     stm32f0xx_hal_gpio.o
    0x0800080c   0x0800080c   0x0000000c   Code   RO         1924    i.HAL_GPIO_WritePin  stm32f0xx_hal_gpio.o
    0x08000818   0x08000818   0x0000000c   Code   RO         1327    i.HAL_GetTick       stm32f0xx_hal.o
    0x08000824   0x08000824   0x00000010   Code   RO         1331    i.HAL_IncTick       stm32f0xx_hal.o
    0x08000834   0x08000834   0x00000020   Code   RO         1332    i.HAL_Init          stm32f0xx_hal.o
    0x08000854   0x08000854   0x00000022   Code   RO         1333    i.HAL_InitTick      stm32f0xx_hal.o
    0x08000876   0x08000876   0x00000002   PAD
    0x08000878   0x08000878   0x00000028   Code   RO          595    i.HAL_MspInit       stm32f0xx_hal_msp.o
    0x080008a0   0x080008a0   0x00000008   Code   RO         2083    i.HAL_NVIC_SetPriority  stm32f0xx_hal_cortex.o
    0x080008a8   0x080008a8   0x0000012c   Code   RO         1195    i.HAL_RCC_ClockConfig  stm32f0xx_hal_rcc.o
    0x080009d4   0x080009d4   0x0000000c   Code   RO         1200    i.HAL_RCC_GetHCLKFreq  stm32f0xx_hal_rcc.o
    0x080009e0   0x080009e0   0x00000070   Code   RO         1203    i.HAL_RCC_GetSysClockFreq  stm32f0xx_hal_rcc.o
    0x08000a50   0x08000a50   0x0000035c   Code   RO         1206    i.HAL_RCC_OscConfig  stm32f0xx_hal_rcc.o
    0x08000dac   0x08000dac   0x00000006   Code   RO          832    i.HAL_SPI_GetState  stm32f0xx_hal_spi.o
    0x08000db2   0x08000db2   0x000000b8   Code   RO          834    i.HAL_SPI_Init      stm32f0xx_hal_spi.o
    0x08000e6a   0x08000e6a   0x00000002   PAD
    0x08000e6c   0x08000e6c   0x0000005c   Code   RO          597    i.HAL_SPI_MspInit   stm32f0xx_hal_msp.o
    0x08000ec8   0x08000ec8   0x00000170   Code   RO          842    i.HAL_SPI_Transmit  stm32f0xx_hal_spi.o
    0x08001038   0x08001038   0x00000248   Code   RO          843    i.HAL_SPI_TransmitReceive  stm32f0xx_hal_spi.o
    0x08001280   0x08001280   0x00000030   Code   RO         2087    i.HAL_SYSTICK_Config  stm32f0xx_hal_cortex.o
    0x080012b0   0x080012b0   0x00000002   Code   RO          536    i.HardFault_Handler  stm32f0xx_it.o
    0x080012b2   0x080012b2   0x00000010   Code   RO          316    i.LCD_Clear         lcd.o
    0x080012c2   0x080012c2   0x00000002   PAD
    0x080012c4   0x080012c4   0x00000024   Code   RO          317    i.LCD_Cmd           lcd.o
    0x080012e8   0x080012e8   0x00000068   Code   RO          318    i.LCD_Cmd4bit       lcd.o
    0x08001350   0x08001350   0x00000030   Code   RO          322    i.LCD_CursorSet     lcd.o
    0x08001380   0x08001380   0x00000024   Code   RO          323    i.LCD_Data          lcd.o
    0x080013a4   0x080013a4   0x00000054   Code   RO          325    i.LCD_Delay_us      lcd.o
    0x080013f8   0x080013f8   0x0000001c   Code   RO          327    i.LCD_DisplayOn     lcd.o
    0x08001414   0x08001414   0x000000d4   Code   RO          328    i.LCD_Init          lcd.o
    0x080014e8   0x080014e8   0x0000005c   Code   RO          331    i.LCD_Puts          lcd.o
    0x08001544   0x08001544   0x0000001c   Code   RO          691    i.MX_FATFS_Init     fatfs.o
    0x08001560   0x08001560   0x0000008c   Code   RO          475    i.MX_GPIO_Init      main.o
    0x080015ec   0x080015ec   0x00000044   Code   RO          476    i.MX_SPI1_Init      main.o
    0x08001630   0x08001630   0x00000002   Code   RO          537    i.NMI_Handler       stm32f0xx_it.o
    0x08001632   0x08001632   0x00000002   PAD
    0x08001634   0x08001634   0x00000044   Code   RO         2089    i.NVIC_SetPriority  stm32f0xx_hal_cortex.o
    0x08001678   0x08001678   0x00000002   Code   RO          538    i.PendSV_Handler    stm32f0xx_it.o
    0x0800167a   0x0800167a   0x00000002   PAD
    0x0800167c   0x0800167c   0x0000002c   Code   RO          477    i.Run_application   main.o
    0x080016a8   0x080016a8   0x00000020   Code   RO          539    i.SDTimer_Handler   stm32f0xx_it.o
    0x080016c8   0x080016c8   0x00000060   Code   RO          180    i.SD_PowerOn        fatfs_sd.o
    0x08001728   0x08001728   0x00000020   Code   RO          181    i.SD_ReadyWait      fatfs_sd.o
    0x08001748   0x08001748   0x0000004c   Code   RO          182    i.SD_RxDataBlock    fatfs_sd.o
    0x08001794   0x08001794   0x0000006c   Code   RO          183    i.SD_SendCmd        fatfs_sd.o
    0x08001800   0x08001800   0x00000068   Code   RO          184    i.SD_TxDataBlock    fatfs_sd.o
    0x08001868   0x08001868   0x0000013c   Code   RO          185    i.SD_disk_initialize  fatfs_sd.o
    0x080019a4   0x080019a4   0x00000140   Code   RO          186    i.SD_disk_ioctl     fatfs_sd.o
    0x08001ae4   0x08001ae4   0x00000098   Code   RO          187    i.SD_disk_read      fatfs_sd.o
    0x08001b7c   0x08001b7c   0x00000014   Code   RO          188    i.SD_disk_status    fatfs_sd.o
    0x08001b90   0x08001b90   0x000000bc   Code   RO          189    i.SD_disk_write     fatfs_sd.o
    0x08001c4c   0x08001c4c   0x00000010   Code   RO          190    i.SELECT            fatfs_sd.o
    0x08001c5c   0x08001c5c   0x0000004c   Code   RO          872    i.SPI_EndRxTxTransaction  stm32f0xx_hal_spi.o
    0x08001ca8   0x08001ca8   0x00000030   Code   RO          191    i.SPI_RxByte        fatfs_sd.o
    0x08001cd8   0x08001cd8   0x00000020   Code   RO          192    i.SPI_TxByte        fatfs_sd.o
    0x08001cf8   0x08001cf8   0x00000096   Code   RO          877    i.SPI_WaitFifoStateUntilTimeout  stm32f0xx_hal_spi.o
    0x08001d8e   0x08001d8e   0x0000008c   Code   RO          878    i.SPI_WaitFlagStateUntilTimeout  stm32f0xx_hal_spi.o
    0x08001e1a   0x08001e1a   0x00000002   Code   RO          540    i.SVC_Handler       stm32f0xx_it.o
    0x08001e1c   0x08001e1c   0x00000024   Code   RO          541    i.SysTick_Handler   stm32f0xx_it.o
    0x08001e40   0x08001e40   0x00000040   Code   RO          478    i.SystemClock_Config  main.o
    0x08001e80   0x08001e80   0x0000005c   Code   RO         2452    i.SystemInit        system_stm32f0xx.o
    0x08001edc   0x08001edc   0x0000000a   Code   RO          637    i.USER_initialize   user_diskio.o
    0x08001ee6   0x08001ee6   0x0000000a   Code   RO          638    i.USER_ioctl        user_diskio.o
    0x08001ef0   0x08001ef0   0x0000000a   Code   RO          639    i.USER_read         user_diskio.o
    0x08001efa   0x08001efa   0x0000000a   Code   RO          640    i.USER_status       user_diskio.o
    0x08001f04   0x08001f04   0x0000000a   Code   RO          641    i.USER_write        user_diskio.o
    0x08001f0e   0x08001f0e   0x0000000e   Code   RO         3011    i.__scatterload_copy  mc_p.l(handlers.o)
    0x08001f1c   0x08001f1c   0x00000002   Code   RO         3012    i.__scatterload_null  mc_p.l(handlers.o)
    0x08001f1e   0x08001f1e   0x0000000e   Code   RO         3013    i.__scatterload_zeroinit  mc_p.l(handlers.o)
    0x08001f2c   0x08001f2c   0x00000024   Code   RO           14    i.card_unlink       command.o
    0x08001f50   0x08001f50   0x00000070   Code   RO         2536    i.check_fs          ff.o
    0x08001fc0   0x08001fc0   0x00000012   Code   RO         2537    i.chk_chr           ff.o
    0x08001fd2   0x08001fd2   0x00000002   PAD
    0x08001fd4   0x08001fd4   0x0000006c   Code   RO         2538    i.chk_lock          ff.o
    0x08002040   0x08002040   0x00000020   Code   RO         2539    i.clear_lock        ff.o
    0x08002060   0x08002060   0x00000038   Code   RO         2540    i.clmt_clust        ff.o
    0x08002098   0x08002098   0x0000001e   Code   RO         2541    i.clust2sect        ff.o
    0x080020b6   0x080020b6   0x00000002   PAD
    0x080020b8   0x080020b8   0x00000074   Code   RO         2542    i.cmp_lfn           ff.o
    0x0800212c   0x0800212c   0x000000b4   Code   RO         2543    i.create_chain      ff.o
    0x080021e0   0x080021e0   0x00000214   Code   RO         2544    i.create_name       ff.o
    0x080023f4   0x080023f4   0x0000003c   Code   RO         2545    i.dec_lock          ff.o
    0x08002430   0x08002430   0x000000dc   Code   RO         2546    i.dir_find          ff.o
    0x0800250c   0x0800250c   0x0000010c   Code   RO         2547    i.dir_next          ff.o
    0x08002618   0x08002618   0x0000015e   Code   RO         2549    i.dir_register      ff.o
    0x08002776   0x08002776   0x0000008c   Code   RO         2551    i.dir_sdi           ff.o
    0x08002802   0x08002802   0x00000002   PAD
    0x08002804   0x08002804   0x0000002c   Code   RO         2485    i.disk_initialize   diskio.o
    0x08002830   0x08002830   0x0000001c   Code   RO         2486    i.disk_ioctl        diskio.o
    0x0800284c   0x0800284c   0x0000001c   Code   RO         2487    i.disk_read         diskio.o
    0x08002868   0x08002868   0x00000018   Code   RO         2488    i.disk_status       diskio.o
    0x08002880   0x08002880   0x0000001c   Code   RO         2489    i.disk_write        diskio.o
    0x0800289c   0x0800289c   0x0000002c   Code   RO         2553    i.f_close           ff.o
    0x080028c8   0x080028c8   0x00000060   Code   RO         2560    i.f_mount           ff.o
    0x08002928   0x08002928   0x000001b4   Code   RO         2561    i.f_open            ff.o
    0x08002adc   0x08002adc   0x00000180   Code   RO         2566    i.f_read            ff.o
    0x08002c5c   0x08002c5c   0x0000004c   Code   RO         2569    i.f_stat            ff.o
    0x08002ca8   0x08002ca8   0x000000a8   Code   RO         2570    i.f_sync            ff.o
    0x08002d50   0x08002d50   0x00000038   Code   RO         2956    i.ff_convert        ccsbcs.o
    0x08002d88   0x08002d88   0x00000024   Code   RO         2957    i.ff_wtoupper       ccsbcs.o
    0x08002dac   0x08002dac   0x000002a0   Code   RO         2575    i.find_volume       ff.o
    0x0800304c   0x0800304c   0x00000064   Code   RO         2576    i.fit_lfn           ff.o
    0x080030b0   0x080030b0   0x0000006e   Code   RO         2577    i.follow_path       ff.o
    0x0800311e   0x0800311e   0x00000002   PAD
    0x08003120   0x08003120   0x0000007c   Code   RO         2578    i.gen_numname       ff.o
    0x0800319c   0x0800319c   0x000000cc   Code   RO         2579    i.get_fat           ff.o
    0x08003268   0x08003268   0x00000004   Code   RO          692    i.get_fattime       fatfs.o
    0x0800326c   0x0800326c   0x000000cc   Code   RO         2580    i.get_fileinfo      ff.o
    0x08003338   0x08003338   0x0000003c   Code   RO         2581    i.get_ldnumber      ff.o
    0x08003374   0x08003374   0x00000094   Code   RO         2582    i.inc_lock          ff.o
    0x08003408   0x08003408   0x00000038   Code   RO           15    i.is_update_available  command.o
    0x08003440   0x08003440   0x00000024   Code   RO         2583    i.ld_clust          ff.o
    0x08003464   0x08003464   0x000000c4   Code   RO          479    i.main              main.o
    0x08003528   0x08003528   0x00000010   Code   RO         2584    i.mem_cpy           ff.o
    0x08003538   0x08003538   0x0000000e   Code   RO         2585    i.mem_set           ff.o
    0x08003546   0x08003546   0x00000038   Code   RO         2586    i.move_window       ff.o
    0x0800357e   0x0800357e   0x000000fe   Code   RO         2587    i.put_fat           ff.o
    0x0800367c   0x0800367c   0x00000066   Code   RO         2589    i.remove_chain      ff.o
    0x080036e2   0x080036e2   0x00000010   Code   RO         2590    i.st_clust          ff.o
    0x080036f2   0x080036f2   0x00000002   PAD
    0x080036f4   0x080036f4   0x00000050   Code   RO          450    i.startup           lcd_menu.o
    0x08003744   0x08003744   0x0000001a   Code   RO         2591    i.sum_sfn           ff.o
    0x0800375e   0x0800375e   0x00000094   Code   RO         2592    i.sync_fs           ff.o
    0x080037f2   0x080037f2   0x00000054   Code   RO         2593    i.sync_window       ff.o
    0x08003846   0x08003846   0x00000034   Code   RO         2594    i.validate          ff.o
    0x0800387a   0x0800387a   0x00000008   Data   RO           17    .constdata          command.o
    0x08003882   0x08003882   0x00000010   Data   RO         2453    .constdata          system_stm32f0xx.o
    0x08003892   0x08003892   0x000000ba   Data   RO         2596    .constdata          ff.o
    0x0800394c   0x0800394c   0x000004c0   Data   RO         2958    .constdata          ccsbcs.o
    0x08003e0c   0x08003e0c   0x00000020   Data   RO         3009    Region$$Table       anon$$obj.o


    Execution Region RW_IRAM1 (Exec base: 0x20000000, Load base: 0x08003e2c, Size: 0x00002bb8, Max: 0x00008000, ABSOLUTE)

    Exec Addr    Load Addr    Size         Type   Attr      Idx    E Section Name        Object

    0x20000000   0x08003e2c   0x00000008   Data   RW           18    .data               command.o
    0x20000008   0x08003e34   0x00000003   Data   RW          193    .data               fatfs_sd.o
    0x2000000b   0x08003e37   0x00000005   Data   RW          334    .data               lcd.o
    0x20000010   0x08003e3c   0x0000000c   Data   RW          481    .data               main.o
    0x2000001c   0x08003e48   0x00000003   Data   RW          542    .data               stm32f0xx_it.o
    0x2000001f   0x08003e4b   0x00000001   PAD
    0x20000020   0x08003e4c   0x00000014   Data   RW          642    .data               user_diskio.o
    0x20000034   0x08003e60   0x00000005   Data   RW          695    .data               fatfs.o
    0x20000039   0x08003e65   0x00000003   PAD
    0x2000003c   0x08003e68   0x00000004   Data   RW         1338    .data               stm32f0xx_hal.o
    0x20000040   0x08003e6c   0x00000004   Data   RW         2455    .data               system_stm32f0xx.o
    0x20000044   0x08003e70   0x00000008   Data   RW         2597    .data               ff.o
    0x2000004c        -       0x0000245c   Zero   RW           16    .bss                command.o
    0x200024a8        -       0x00000088   Zero   RW          480    .bss                main.o
    0x20002530        -       0x00000020   Zero   RW         2285    .bss                stm32f0xx_hal_flash.o
    0x20002550        -       0x0000005a   Zero   RW         2595    .bss                ff.o
    0x200025aa   0x08003e78   0x00000002   PAD
    0x200025ac        -       0x0000000c   Zero   RW         2887    .bss                ff_gen_drv.o
    0x200025b8        -       0x00000600   Zero   RW            1    STACK               startup_stm32f030xc.o


==============================================================================

Image component sizes


      Code (inc. data)   RO Data    RW Data    ZI Data      Debug   Object Name

        92         12       1216          0          0       1967   ccsbcs.o
       264         52          8          8       9308     255857   command.o
       152         24          0          0          0       3553   diskio.o
        32         10          0          5          0       1480   fatfs.o
      1508         60          0          3          0      10067   fatfs_sd.o
      5852        140        186          8         90      39658   ff.o
       136          8          0          0         12       2887   ff_gen_drv.o
       204         20          0          0          0       2914   flash_if.o
       656         50          0          5          0       6324   lcd.o
        80         32          0          0          0        446   lcd_menu.o
       512        122          0         12        136       5243   main.o
        28          8        184          0       1536        628   startup_stm32f030xc.o
       122         18          0          4          0       3603   stm32f0xx_hal.o
       124         18          0          0          0       8280   stm32f0xx_hal_cortex.o
        92          0          0          0          0       1083   stm32f0xx_hal_crc.o
         4          0          0          0          0        905   stm32f0xx_hal_crc_ex.o
       352         56          0          0         32       4706   stm32f0xx_hal_flash.o
       300         40          0          0          0       4307   stm32f0xx_hal_flash_ex.o
       340         26          0          0          0       2240   stm32f0xx_hal_gpio.o
       168         22          0          0          0       2054   stm32f0xx_hal_msp.o
      1284         82          0          0          0       4382   stm32f0xx_hal_rcc.o
      1508          0          0          0          0       7687   stm32f0xx_hal_spi.o
        76         10          0          3          0       3238   stm32f0xx_it.o
         0          0          0          0          0        520   syscall.o
        92         14         16          4          0       1155   system_stm32f0xx.o
        50          0          0         20          0       3472   user_diskio.o

    ----------------------------------------------------------------------
     14052        824       1642         76      11116     378656   Object Totals
         0          0         32          0          0          0   (incl. Generated)
        24          0          0          4          2          0   (incl. Padding)

    ----------------------------------------------------------------------

      Code (inc. data)   RO Data    RW Data    ZI Data      Debug   Library Member Name

         0          0          0          0          0          0   entry.o
         0          0          0          0          0          0   entry10a.o
         0          0          0          0          0          0   entry11a.o
         8          4          0          0          0          0   entry2.o
         4          0          0          0          0          0   entry5.o
         0          0          0          0          0          0   entry7b.o
         0          0          0          0          0          0   entry8b.o
         8          4          0          0          0          0   entry9a.o
        30          0          0          0          0          0   handlers.o
        36          8          0          0          0         68   init.o
        34          0          0          0          0         68   llushr.o
        36          0          0          0          0        100   memseta.o
        44          0          0          0          0         72   uidiv.o
        20          0          0          0          0         60   uread4.o

    ----------------------------------------------------------------------
       222         16          0          0          0        368   Library Totals
         2          0          0          0          0          0   (incl. Padding)

    ----------------------------------------------------------------------

      Code (inc. data)   RO Data    RW Data    ZI Data      Debug   Library Name

       220         16          0          0          0        368   mc_p.l

    ----------------------------------------------------------------------
       222         16          0          0          0        368   Library Totals

    ----------------------------------------------------------------------

==============================================================================


      Code (inc. data)   RO Data    RW Data    ZI Data      Debug   

     14274        840       1642         76      11116     373236   Grand Totals
     14274        840       1642         76      11116     373236   ELF Image Totals
     14274        840       1642         76          0          0   ROM Totals

==============================================================================

    Total RO  Size (Code + RO Data)                15916 (  15.54kB)
    Total RW  Size (RW Data + ZI Data)             11192 (  10.93kB)
    Total ROM Size (Code + RO Data + RW Data)      15992 (  15.62kB)

==============================================================================

