<html>
<body>
<pre>
<h1>µVision Build Log</h1>
<h2>Tool Versions:</h2>
IDE-Version: µVision V5.25.2.0
Copyright (C) 2018 ARM Ltd and ARM Germany GmbH. All rights reserved.
License Information: Mojtaba Zamani, SAA, LIC=EPPMM-XCK64-F1DPT-R68B1-48UHQ-EIF0T
 
Tool Versions:
Toolchain:       MDK-ARM Professional  Version: 5.25.2.0
Toolchain Path:  C:\Keil_v5\ARM\ARMCC\Bin
C Compiler:      Armcc.exe V5.06 update 6 (build 750)
Assembler:       Armasm.exe V5.06 update 6 (build 750)
Linker/Locator:  ArmLink.exe V5.06 update 6 (build 750)
Library Manager: ArmAr.exe V5.06 update 6 (build 750)
Hex Converter:   FromElf.exe V5.06 update 6 (build 750)
CPU DLL:         SARMCM3.DLL V5.25.2.0
Dialog DLL:      DARMCM1.DLL V1.19.1.0
Target DLL:      STLink\ST-LINKIII-KEIL_SWO.dll V3.0.1.0
Dialog DLL:      TARMCM1.DLL V1.14.0.0
 
<h2>Project:</h2>
C:\Users\Zamani\Desktop\my_code\stm\SAA\boot_f030CC\MDK-ARM\boot_f030CC.uvprojx
Project File Date:  08/19/2020

<h2>Output:</h2>
*** Using Compiler 'V5.06 update 6 (build 750)', folder: 'C:\Keil_v5\ARM\ARMCC\Bin'
Rebuild target 'boot_f030CC'
assembling startup_stm32f030xc.s...
compiling command.c...
compiling flash_if.c...
..\Core\Src\flash_if.c(245): warning:  #940-D: missing return statement at end of non-void function "FLASH_If_WriteProtectionConfig" 
  }
..\Core\Src\flash_if.c: 1 warning, 0 errors
compiling fatfs_sd.c...
compiling LCD.c...
compiling LCD_MENU.c...
compiling main.c...
compiling stm32f0xx_it.c...
compiling stm32f0xx_hal_msp.c...
compiling user_diskio.c...
../FATFS/Target/user_diskio.c(85): warning:  #223-D: function "SD_disk_initialize" declared implicitly
      return SD_disk_initialize (pdrv);
../FATFS/Target/user_diskio.c(99): warning:  #223-D: function "SD_disk_status" declared implicitly
      return SD_disk_status (pdrv);
../FATFS/Target/user_diskio.c(119): warning:  #223-D: function "SD_disk_read" declared implicitly
      return SD_disk_read (pdrv, buff, sector, count);
../FATFS/Target/user_diskio.c(119): warning:  #188-D: enumerated type mixed with another type
      return SD_disk_read (pdrv, buff, sector, count);
../FATFS/Target/user_diskio.c(141): warning:  #223-D: function "SD_disk_write" declared implicitly
      return SD_disk_write (pdrv, buff, sector, count);
../FATFS/Target/user_diskio.c(141): warning:  #188-D: enumerated type mixed with another type
      return SD_disk_write (pdrv, buff, sector, count);
../FATFS/Target/user_diskio.c(161): warning:  #223-D: function "SD_disk_ioctl" declared implicitly
      return SD_disk_ioctl (pdrv, cmd, buff);
../FATFS/Target/user_diskio.c(161): warning:  #188-D: enumerated type mixed with another type
      return SD_disk_ioctl (pdrv, cmd, buff);
../FATFS/Target/user_diskio.c: 8 warnings, 0 errors
compiling fatfs.c...
compiling stm32f0xx_hal_crc_ex.c...
compiling stm32f0xx_hal_crc.c...
compiling stm32f0xx_hal_spi_ex.c...
compiling stm32f0xx_hal_tim.c...
compiling stm32f0xx_hal_tim_ex.c...
compiling stm32f0xx_hal_spi.c...
compiling stm32f0xx_hal.c...
compiling stm32f0xx_hal_rcc_ex.c...
compiling stm32f0xx_hal_rcc.c...
compiling stm32f0xx_hal_i2c_ex.c...
compiling stm32f0xx_hal_i2c.c...
compiling stm32f0xx_hal_gpio.c...
compiling stm32f0xx_hal_dma.c...
compiling stm32f0xx_hal_pwr.c...
compiling stm32f0xx_hal_pwr_ex.c...
compiling stm32f0xx_hal_cortex.c...
compiling stm32f0xx_hal_flash.c...
compiling system_stm32f0xx.c...
compiling diskio.c...
compiling stm32f0xx_hal_flash_ex.c...
compiling ff_gen_drv.c...
compiling ccsbcs.c...
compiling syscall.c...
compiling ff.c...
linking...
Program Size: Code=14274 RO-data=1642 RW-data=76 ZI-data=11116  
FromELF: creating hex file...
"boot_f030CC\boot_f030CC.axf" - 0 Error(s), 9 Warning(s).

<h2>Software Packages used:</h2>

Package Vendor: ARM
                http://www.keil.com/pack/ARM.CMSIS.5.6.0.pack
                ARM.CMSIS.5.6.0
                CMSIS (Cortex Microcontroller Software Interface Standard)
   * Component: CORE Version: 5.3.0

Package Vendor: Keil
                http://www.keil.com/pack/Keil.STM32F0xx_DFP.2.0.0.pack
                Keil.STM32F0xx_DFP.2.0.0
                STMicroelectronics STM32F0 Series Device Support, Drivers and Examples

<h2>Collection of Component include folders:</h2>
  .\RTE\_boot_f030CC
  C:\Keil_v5\ARM\PACK\ARM\CMSIS\5.6.0\CMSIS\Core\Include
  C:\Keil_v5\ARM\PACK\Keil\STM32F0xx_DFP\2.0.0\Drivers\CMSIS\Device\ST\STM32F0xx\Include

<h2>Collection of Component Files used:</h2>

   * Component: ARM::CMSIS:CORE:5.3.0
Build Time Elapsed:  00:00:19
</pre>
</body>
</html>
